Component: ARM Compiler 5.06 update 1 (build 61) Tool: armlink [4d35a8]

==============================================================================

Section Cross References

    stm32f0xx_it.o(i.PendSV_Handler) refers to port.o(.emb_text) for xPortPendSVHandler
    stm32f0xx_it.o(i.SVC_Handler) refers to port.o(i.vPortSVCHandler) for vPortSVCHandler
    stm32f0xx_it.o(i.SysTick_Handler) refers to port.o(i.xPortSysTickHandler) for xPortSysTickHandler
    delay.o(i.delay_Ms_Loop) refers to delay.o(.data) for i
    drv_adc.o(i.adcInit0) refers to stm32f0xx_rcc.o(i.RCC_AHBPeriphClockCmd) for RCC_AHBPeriphClockCmd
    drv_adc.o(i.adcInit0) refers to stm32f0xx_rcc.o(i.RCC_APB2PeriphClockCmd) for RCC_APB2PeriphClockCmd
    drv_adc.o(i.adcInit0) refers to stm32f0xx_gpio.o(i.GPIO_Init) for GPIO_Init
    drv_adc.o(i.adcInit0) refers to stm32f0xx_adc.o(i.ADC_DeInit) for ADC_DeInit
    drv_adc.o(i.adcInit0) refers to stm32f0xx_adc.o(i.ADC_StructInit) for ADC_StructInit
    drv_adc.o(i.adcInit0) refers to stm32f0xx_adc.o(i.ADC_Init) for ADC_Init
    drv_adc.o(i.adcInit0) refers to stm32f0xx_adc.o(i.ADC_ChannelConfig) for ADC_ChannelConfig
    drv_adc.o(i.adcInit0) refers to stm32f0xx_adc.o(i.ADC_GetCalibrationFactor) for ADC_GetCalibrationFactor
    drv_adc.o(i.adcInit0) refers to stm32f0xx_adc.o(i.ADC_Cmd) for ADC_Cmd
    drv_adc.o(i.adcInit0) refers to stm32f0xx_adc.o(i.ADC_GetFlagStatus) for ADC_GetFlagStatus
    drv_adc.o(i.adcInit0) refers to stm32f0xx_adc.o(i.ADC_StartOfConversion) for ADC_StartOfConversion
    drv_adc.o(i.adcInit0) refers to stm32f0xx_adc.o(i.ADC_GetConversionValue) for ADC_GetConversionValue
    drv_adc.o(i.adcInit0) refers to drv_adc.o(.data) for ADC_Result
    drv_adc.o(i.adcInit1) refers to stm32f0xx_rcc.o(i.RCC_AHBPeriphClockCmd) for RCC_AHBPeriphClockCmd
    drv_adc.o(i.adcInit1) refers to stm32f0xx_rcc.o(i.RCC_APB2PeriphClockCmd) for RCC_APB2PeriphClockCmd
    drv_adc.o(i.adcInit1) refers to stm32f0xx_gpio.o(i.GPIO_Init) for GPIO_Init
    drv_adc.o(i.adcInit1) refers to stm32f0xx_adc.o(i.ADC_DeInit) for ADC_DeInit
    drv_adc.o(i.adcInit1) refers to stm32f0xx_adc.o(i.ADC_StructInit) for ADC_StructInit
    drv_adc.o(i.adcInit1) refers to stm32f0xx_adc.o(i.ADC_Init) for ADC_Init
    drv_adc.o(i.adcInit1) refers to stm32f0xx_adc.o(i.ADC_ChannelConfig) for ADC_ChannelConfig
    drv_adc.o(i.adcInit1) refers to stm32f0xx_adc.o(i.ADC_GetCalibrationFactor) for ADC_GetCalibrationFactor
    drv_adc.o(i.adcInit1) refers to stm32f0xx_adc.o(i.ADC_Cmd) for ADC_Cmd
    drv_adc.o(i.adcInit1) refers to stm32f0xx_adc.o(i.ADC_GetFlagStatus) for ADC_GetFlagStatus
    drv_adc.o(i.adcInit1) refers to stm32f0xx_adc.o(i.ADC_StartOfConversion) for ADC_StartOfConversion
    drv_adc.o(i.adcInit1) refers to stm32f0xx_adc.o(i.ADC_GetConversionValue) for ADC_GetConversionValue
    drv_adc.o(i.adcInit1) refers to drv_adc.o(.data) for ADC_Result
    drv_adc.o(i.adcInit2) refers to stm32f0xx_rcc.o(i.RCC_AHBPeriphClockCmd) for RCC_AHBPeriphClockCmd
    drv_adc.o(i.adcInit2) refers to stm32f0xx_rcc.o(i.RCC_APB2PeriphClockCmd) for RCC_APB2PeriphClockCmd
    drv_adc.o(i.adcInit2) refers to stm32f0xx_gpio.o(i.GPIO_Init) for GPIO_Init
    drv_adc.o(i.adcInit2) refers to stm32f0xx_adc.o(i.ADC_DeInit) for ADC_DeInit
    drv_adc.o(i.adcInit2) refers to stm32f0xx_adc.o(i.ADC_StructInit) for ADC_StructInit
    drv_adc.o(i.adcInit2) refers to stm32f0xx_adc.o(i.ADC_Init) for ADC_Init
    drv_adc.o(i.adcInit2) refers to stm32f0xx_adc.o(i.ADC_ChannelConfig) for ADC_ChannelConfig
    drv_adc.o(i.adcInit2) refers to stm32f0xx_adc.o(i.ADC_GetCalibrationFactor) for ADC_GetCalibrationFactor
    drv_adc.o(i.adcInit2) refers to stm32f0xx_adc.o(i.ADC_Cmd) for ADC_Cmd
    drv_adc.o(i.adcInit2) refers to stm32f0xx_adc.o(i.ADC_GetFlagStatus) for ADC_GetFlagStatus
    drv_adc.o(i.adcInit2) refers to stm32f0xx_adc.o(i.ADC_StartOfConversion) for ADC_StartOfConversion
    drv_adc.o(i.adcInit2) refers to stm32f0xx_adc.o(i.ADC_GetConversionValue) for ADC_GetConversionValue
    drv_adc.o(i.adcInit2) refers to drv_adc.o(.data) for ADC_Result
    drv_adc.o(i.adcInit3) refers to stm32f0xx_rcc.o(i.RCC_AHBPeriphClockCmd) for RCC_AHBPeriphClockCmd
    drv_adc.o(i.adcInit3) refers to stm32f0xx_rcc.o(i.RCC_APB2PeriphClockCmd) for RCC_APB2PeriphClockCmd
    drv_adc.o(i.adcInit3) refers to stm32f0xx_gpio.o(i.GPIO_Init) for GPIO_Init
    drv_adc.o(i.adcInit3) refers to stm32f0xx_adc.o(i.ADC_DeInit) for ADC_DeInit
    drv_adc.o(i.adcInit3) refers to stm32f0xx_adc.o(i.ADC_StructInit) for ADC_StructInit
    drv_adc.o(i.adcInit3) refers to stm32f0xx_adc.o(i.ADC_Init) for ADC_Init
    drv_adc.o(i.adcInit3) refers to stm32f0xx_adc.o(i.ADC_ChannelConfig) for ADC_ChannelConfig
    drv_adc.o(i.adcInit3) refers to stm32f0xx_adc.o(i.ADC_GetCalibrationFactor) for ADC_GetCalibrationFactor
    drv_adc.o(i.adcInit3) refers to stm32f0xx_adc.o(i.ADC_Cmd) for ADC_Cmd
    drv_adc.o(i.adcInit3) refers to stm32f0xx_adc.o(i.ADC_GetFlagStatus) for ADC_GetFlagStatus
[...]
    Removing stm32f0xx_rtc.o(.revsh_text), (4 bytes).
    Removing stm32f0xx_rtc.o(i.RTC_AlarmCmd), (112 bytes).
    Removing stm32f0xx_rtc.o(i.RTC_AlarmStructInit), (22 bytes).
    Removing stm32f0xx_rtc.o(i.RTC_AlarmSubSecondConfig), (40 bytes).
    Removing stm32f0xx_rtc.o(i.RTC_Bcd2ToByte), (26 bytes).
    Removing stm32f0xx_rtc.o(i.RTC_BypassShadowCmd), (52 bytes).
    Removing stm32f0xx_rtc.o(i.RTC_ByteToBcd2), (28 bytes).
    Removing stm32f0xx_rtc.o(i.RTC_CalibOutputCmd), (56 bytes).
    Removing stm32f0xx_rtc.o(i.RTC_CalibOutputConfig), (44 bytes).
    Removing stm32f0xx_rtc.o(i.RTC_ClearFlag), (32 bytes).
    Removing stm32f0xx_rtc.o(i.RTC_ClearITPendingBit), (36 bytes).
    Removing stm32f0xx_rtc.o(i.RTC_DateStructInit), (14 bytes).
    Removing stm32f0xx_rtc.o(i.RTC_DayLightSavingConfig), (48 bytes).
    Removing stm32f0xx_rtc.o(i.RTC_DeInit), (116 bytes).
    Removing stm32f0xx_rtc.o(i.RTC_EnterInitMode), (88 bytes).
    Removing stm32f0xx_rtc.o(i.RTC_ExitInitMode), (20 bytes).
    Removing stm32f0xx_rtc.o(i.RTC_GetAlarm), (120 bytes).
    Removing stm32f0xx_rtc.o(i.RTC_GetAlarmSubSecond), (20 bytes).
    Removing stm32f0xx_rtc.o(i.RTC_GetDate), (96 bytes).
    Removing stm32f0xx_rtc.o(i.RTC_GetFlagStatus), (44 bytes).
    Removing stm32f0xx_rtc.o(i.RTC_GetITStatus), (76 bytes).
    Removing stm32f0xx_rtc.o(i.RTC_GetStoreOperation), (16 bytes).
    Removing stm32f0xx_rtc.o(i.RTC_GetSubSecond), (16 bytes).
    Removing stm32f0xx_rtc.o(i.RTC_GetTime), (92 bytes).
    Removing stm32f0xx_rtc.o(i.RTC_GetTimeStamp), (164 bytes).
    Removing stm32f0xx_rtc.o(i.RTC_GetTimeStampSubSecond), (12 bytes).
    Removing stm32f0xx_rtc.o(i.RTC_GetWakeUpCounter), (12 bytes).
    Removing stm32f0xx_rtc.o(i.RTC_ITConfig), (100 bytes).
    Removing stm32f0xx_rtc.o(i.RTC_Init), (88 bytes).
    Removing stm32f0xx_rtc.o(i.RTC_OutputConfig), (48 bytes).
    Removing stm32f0xx_rtc.o(i.RTC_OutputTypeConfig), (28 bytes).
    Removing stm32f0xx_rtc.o(i.RTC_ReadBackupRegister), (32 bytes).
    Removing stm32f0xx_rtc.o(i.RTC_RefClockCmd), (76 bytes).
    Removing stm32f0xx_rtc.o(i.RTC_SetAlarm), (216 bytes).
    Removing stm32f0xx_rtc.o(i.RTC_SetDate), (208 bytes).
    Removing stm32f0xx_rtc.o(i.RTC_SetTime), (216 bytes).
    Removing stm32f0xx_rtc.o(i.RTC_SetWakeUpCounter), (24 bytes).
    Removing stm32f0xx_rtc.o(i.RTC_SmoothCalibConfig), (96 bytes).
    Removing stm32f0xx_rtc.o(i.RTC_StructInit), (14 bytes).
    Removing stm32f0xx_rtc.o(i.RTC_SynchroShiftConfig), (124 bytes).
    Removing stm32f0xx_rtc.o(i.RTC_TamperCmd), (32 bytes).
    Removing stm32f0xx_rtc.o(i.RTC_TamperFilterConfig), (28 bytes).
    Removing stm32f0xx_rtc.o(i.RTC_TamperPinsPrechargeDuration), (28 bytes).
    Removing stm32f0xx_rtc.o(i.RTC_TamperPullUpCmd), (40 bytes).
    Removing stm32f0xx_rtc.o(i.RTC_TamperSamplingFreqConfig), (28 bytes).
    Removing stm32f0xx_rtc.o(i.RTC_TamperTriggerConfig), (36 bytes).
    Removing stm32f0xx_rtc.o(i.RTC_TimeStampCmd), (64 bytes).
    Removing stm32f0xx_rtc.o(i.RTC_TimeStampOnTamperDetectionCmd), (36 bytes).
    Removing stm32f0xx_rtc.o(i.RTC_TimeStructInit), (12 bytes).
    Removing stm32f0xx_rtc.o(i.RTC_WaitForSynchro), (108 bytes).
    Removing stm32f0xx_rtc.o(i.RTC_WakeUpClockConfig), (40 bytes).
    Removing stm32f0xx_rtc.o(i.RTC_WakeUpCmd), (116 bytes).
    Removing stm32f0xx_rtc.o(i.RTC_WriteBackupRegister), (28 bytes).
    Removing stm32f0xx_rtc.o(i.RTC_WriteProtectionCmd), (28 bytes).
    Removing stm32f0xx_rcc.o(.rev16_text), (4 bytes).
    Removing stm32f0xx_rcc.o(.revsh_text), (4 bytes).
    Removing stm32f0xx_rcc.o(i.RCC_ADCCLKConfig), (56 bytes).
    Removing stm32f0xx_rcc.o(i.RCC_AHBPeriphResetCmd), (32 bytes).
    Removing stm32f0xx_rcc.o(i.RCC_AdjustHSI14CalibrationValue), (32 bytes).
    Removing stm32f0xx_rcc.o(i.RCC_AdjustHSICalibrationValue), (32 bytes).
    Removing stm32f0xx_rcc.o(i.RCC_BackupResetCmd), (40 bytes).
    Removing stm32f0xx_rcc.o(i.RCC_CECCLKConfig), (28 bytes).
    Removing stm32f0xx_rcc.o(i.RCC_ClearFlag), (20 bytes).
    Removing stm32f0xx_rcc.o(i.RCC_ClearITPendingBit), (12 bytes).
    Removing stm32f0xx_rcc.o(i.RCC_ClockSecuritySystemCmd), (40 bytes).
    Removing stm32f0xx_rcc.o(i.RCC_DeInit), (116 bytes).
    Removing stm32f0xx_rcc.o(i.RCC_GetClocksFreq), (496 bytes).
    Removing stm32f0xx_rcc.o(i.RCC_GetFlagStatus), (72 bytes).
    Removing stm32f0xx_rcc.o(i.RCC_GetITStatus), (28 bytes).
    Removing stm32f0xx_rcc.o(i.RCC_GetSYSCLKSource), (16 bytes).
    Removing stm32f0xx_rcc.o(i.RCC_HCLKConfig), (32 bytes).
    Removing stm32f0xx_rcc.o(i.RCC_HSEConfig), (16 bytes).
    Removing stm32f0xx_rcc.o(i.RCC_HSI14ADCRequestCmd), (36 bytes).
    Removing stm32f0xx_rcc.o(i.RCC_HSI14Cmd), (36 bytes).
    Removing stm32f0xx_rcc.o(i.RCC_HSI48Cmd), (40 bytes).
    Removing stm32f0xx_rcc.o(i.RCC_HSICmd), (36 bytes).
    Removing stm32f0xx_rcc.o(i.RCC_I2CCLKConfig), (28 bytes).
    Removing stm32f0xx_rcc.o(i.RCC_ITConfig), (32 bytes).
    Removing stm32f0xx_rcc.o(i.RCC_LSEConfig), (40 bytes).
    Removing stm32f0xx_rcc.o(i.RCC_LSEDriveConfig), (28 bytes).
    Removing stm32f0xx_rcc.o(i.RCC_LSICmd), (36 bytes).
    Removing stm32f0xx_rcc.o(i.RCC_MCOConfig), (28 bytes).
    Removing stm32f0xx_rcc.o(i.RCC_PCLKConfig), (36 bytes).
    Removing stm32f0xx_rcc.o(i.RCC_PLLCmd), (40 bytes).
    Removing stm32f0xx_rcc.o(i.RCC_PLLConfig), (36 bytes).
    Removing stm32f0xx_rcc.o(i.RCC_PREDIV1Config), (28 bytes).
    Removing stm32f0xx_rcc.o(i.RCC_RTCCLKCmd), (40 bytes).
    Removing stm32f0xx_rcc.o(i.RCC_RTCCLKConfig), (16 bytes).
    Removing stm32f0xx_rcc.o(i.RCC_SYSCLKConfig), (28 bytes).
    Removing stm32f0xx_rcc.o(i.RCC_USARTCLKConfig), (52 bytes).
    Removing stm32f0xx_rcc.o(i.RCC_USBCLKConfig), (28 bytes).
    Removing stm32f0xx_rcc.o(i.RCC_WaitForHSEStartUp), (60 bytes).
    Removing stm32f0xx_rcc.o(.data), (16 bytes).
    Removing stm32f0xx_pwr.o(.rev16_text), (4 bytes).
    Removing stm32f0xx_pwr.o(.revsh_text), (4 bytes).
    Removing stm32f0xx_pwr.o(i.PWR_BackupAccessCmd), (40 bytes).
    Removing stm32f0xx_pwr.o(i.PWR_ClearFlag), (20 bytes).
    Removing stm32f0xx_pwr.o(i.PWR_DeInit), (22 bytes).
    Removing stm32f0xx_pwr.o(i.PWR_EnterSTANDBYMode), (48 bytes).
    Removing stm32f0xx_pwr.o(i.PWR_EnterSTOPMode), (100 bytes).
    Removing stm32f0xx_pwr.o(i.PWR_EnterSleepMode), (28 bytes).
    Removing stm32f0xx_pwr.o(i.PWR_GetFlagStatus), (28 bytes).
    Removing stm32f0xx_pwr.o(i.PWR_PVDCmd), (36 bytes).
    Removing stm32f0xx_pwr.o(i.PWR_PVDLevelConfig), (32 bytes).
    Removing stm32f0xx_pwr.o(i.PWR_WakeUpPinCmd), (32 bytes).
    Removing stm32f0xx_iwdg.o(.rev16_text), (4 bytes).
    Removing stm32f0xx_iwdg.o(.revsh_text), (4 bytes).
    Removing stm32f0xx_iwdg.o(i.IWDG_Enable), (16 bytes).
    Removing stm32f0xx_iwdg.o(i.IWDG_GetFlagStatus), (28 bytes).
    Removing stm32f0xx_iwdg.o(i.IWDG_ReloadCounter), (16 bytes).
    Removing stm32f0xx_iwdg.o(i.IWDG_SetPrescaler), (12 bytes).
    Removing stm32f0xx_iwdg.o(i.IWDG_SetReload), (12 bytes).
    Removing stm32f0xx_iwdg.o(i.IWDG_SetWindowValue), (12 bytes).
    Removing stm32f0xx_iwdg.o(i.IWDG_WriteAccessCmd), (12 bytes).
    Removing stm32f0xx_i2c.o(.rev16_text), (4 bytes).
    Removing stm32f0xx_i2c.o(.revsh_text), (4 bytes).
    Removing stm32f0xx_i2c.o(i.I2C_10BitAddressHeaderCmd), (28 bytes).
    Removing stm32f0xx_i2c.o(i.I2C_10BitAddressingModeCmd), (28 bytes).
    Removing stm32f0xx_i2c.o(i.I2C_AcknowledgeConfig), (28 bytes).
    Removing stm32f0xx_i2c.o(i.I2C_AutoEndCmd), (28 bytes).
    Removing stm32f0xx_i2c.o(i.I2C_CalculatePEC), (28 bytes).
    Removing stm32f0xx_i2c.o(i.I2C_ClearFlag), (4 bytes).
    Removing stm32f0xx_i2c.o(i.I2C_ClearITPendingBit), (4 bytes).
    Removing stm32f0xx_i2c.o(i.I2C_ClockTimeoutCmd), (28 bytes).
    Removing stm32f0xx_i2c.o(i.I2C_Cmd), (24 bytes).
    Removing stm32f0xx_i2c.o(i.I2C_DMACmd), (20 bytes).
    Removing stm32f0xx_i2c.o(i.I2C_DeInit), (56 bytes).
    Removing stm32f0xx_i2c.o(i.I2C_DualAddressCmd), (28 bytes).
    Removing stm32f0xx_i2c.o(i.I2C_ExtendedClockTimeoutCmd), (26 bytes).
    Removing stm32f0xx_i2c.o(i.I2C_GeneralCallCmd), (28 bytes).
    Removing stm32f0xx_i2c.o(i.I2C_GenerateSTART), (28 bytes).
    Removing stm32f0xx_i2c.o(i.I2C_GenerateSTOP), (28 bytes).
    Removing stm32f0xx_i2c.o(i.I2C_GetAddressMatched), (14 bytes).
    Removing stm32f0xx_i2c.o(i.I2C_GetFlagStatus), (28 bytes).
    Removing stm32f0xx_i2c.o(i.I2C_GetITStatus), (78 bytes).
    Removing stm32f0xx_i2c.o(i.I2C_GetPEC), (8 bytes).
    Removing stm32f0xx_i2c.o(i.I2C_GetTransferDirection), (30 bytes).
    Removing stm32f0xx_i2c.o(i.I2C_ITConfig), (20 bytes).
    Removing stm32f0xx_i2c.o(i.I2C_IdleClockTimeoutCmd), (28 bytes).
    Removing stm32f0xx_i2c.o(i.I2C_Init), (108 bytes).
    Removing stm32f0xx_i2c.o(i.I2C_MasterRequestConfig), (28 bytes).
    Removing stm32f0xx_i2c.o(i.I2C_NumberOfBytesConfig), (28 bytes).
    Removing stm32f0xx_i2c.o(i.I2C_OwnAddress2Config), (36 bytes).
    Removing stm32f0xx_i2c.o(i.I2C_PECRequestCmd), (28 bytes).
    Removing stm32f0xx_i2c.o(i.I2C_ReadRegister), (22 bytes).
    Removing stm32f0xx_i2c.o(i.I2C_ReceiveData), (8 bytes).
    Removing stm32f0xx_i2c.o(i.I2C_ReloadCmd), (28 bytes).
    Removing stm32f0xx_i2c.o(i.I2C_SMBusAlertCmd), (28 bytes).
    Removing stm32f0xx_i2c.o(i.I2C_SendData), (4 bytes).
    Removing stm32f0xx_i2c.o(i.I2C_SlaveAddressConfig), (20 bytes).
    Removing stm32f0xx_i2c.o(i.I2C_SlaveByteControlCmd), (28 bytes).
    Removing stm32f0xx_i2c.o(i.I2C_SoftwareResetCmd), (20 bytes).
    Removing stm32f0xx_i2c.o(i.I2C_StopModeCmd), (28 bytes).
    Removing stm32f0xx_i2c.o(i.I2C_StretchClockCmd), (28 bytes).
    Removing stm32f0xx_i2c.o(i.I2C_StructInit), (24 bytes).
    Removing stm32f0xx_i2c.o(i.I2C_TimeoutAConfig), (20 bytes).
    Removing stm32f0xx_i2c.o(i.I2C_TimeoutBConfig), (32 bytes).
    Removing stm32f0xx_i2c.o(i.I2C_TransferHandling), (44 bytes).
    Removing stm32f0xx_gpio.o(.rev16_text), (4 bytes).
    Removing stm32f0xx_gpio.o(.revsh_text), (4 bytes).
    Removing stm32f0xx_gpio.o(i.GPIO_DeInit), (176 bytes).
    Removing stm32f0xx_gpio.o(i.GPIO_PinLockConfig), (34 bytes).
    Removing stm32f0xx_gpio.o(i.GPIO_ReadInputData), (6 bytes).
    Removing stm32f0xx_gpio.o(i.GPIO_ReadOutputData), (6 bytes).
    Removing stm32f0xx_gpio.o(i.GPIO_ReadOutputDataBit), (20 bytes).
    Removing stm32f0xx_gpio.o(i.GPIO_StructInit), (24 bytes).
    Removing stm32f0xx_gpio.o(i.GPIO_Write), (4 bytes).
    Removing stm32f0xx_gpio.o(i.GPIO_WriteBit), (12 bytes).
    Removing stm32f0xx_flash.o(.rev16_text), (4 bytes).
    Removing stm32f0xx_flash.o(.revsh_text), (4 bytes).
    Removing stm32f0xx_flash.o(i.FLASH_ClearFlag), (12 bytes).
    Removing stm32f0xx_flash.o(i.FLASH_EraseAllPages), (72 bytes).
    Removing stm32f0xx_flash.o(i.FLASH_ErasePage), (76 bytes).
    Removing stm32f0xx_flash.o(i.FLASH_GetFlagStatus), (28 bytes).
    Removing stm32f0xx_flash.o(i.FLASH_GetPrefetchBufferStatus), (28 bytes).
    Removing stm32f0xx_flash.o(i.FLASH_GetStatus), (60 bytes).
    Removing stm32f0xx_flash.o(i.FLASH_ITConfig), (32 bytes).
    Removing stm32f0xx_flash.o(i.FLASH_Lock), (20 bytes).
    Removing stm32f0xx_flash.o(i.FLASH_OB_BOOT0Config), (80 bytes).
    Removing stm32f0xx_flash.o(i.FLASH_OB_BOOT0SWConfig), (80 bytes).
    Removing stm32f0xx_flash.o(i.FLASH_OB_BOOTConfig), (80 bytes).
    Removing stm32f0xx_flash.o(i.FLASH_OB_EnableWRP), (184 bytes).
    Removing stm32f0xx_flash.o(i.FLASH_OB_Erase), (152 bytes).
    Removing stm32f0xx_flash.o(i.FLASH_OB_GetRDP), (28 bytes).
    Removing stm32f0xx_flash.o(i.FLASH_OB_GetUser), (16 bytes).
    Removing stm32f0xx_flash.o(i.FLASH_OB_GetWRP), (12 bytes).
    Removing stm32f0xx_flash.o(i.FLASH_OB_Launch), (20 bytes).
    Removing stm32f0xx_flash.o(i.FLASH_OB_Lock), (20 bytes).
    Removing stm32f0xx_flash.o(i.FLASH_OB_ProgramData), (72 bytes).
    Removing stm32f0xx_flash.o(i.FLASH_OB_RDPConfig), (144 bytes).
    Removing stm32f0xx_flash.o(i.FLASH_OB_SRAMParityConfig), (80 bytes).
    Removing stm32f0xx_flash.o(i.FLASH_OB_Unlock), (40 bytes).
    Removing stm32f0xx_flash.o(i.FLASH_OB_UserConfig), (88 bytes).
    Removing stm32f0xx_flash.o(i.FLASH_OB_VDDAConfig), (80 bytes).
    Removing stm32f0xx_flash.o(i.FLASH_OB_WriteUser), (76 bytes).
    Removing stm32f0xx_flash.o(i.FLASH_PrefetchBufferCmd), (36 bytes).
    Removing stm32f0xx_flash.o(i.FLASH_ProgramHalfWord), (68 bytes).
    Removing stm32f0xx_flash.o(i.FLASH_ProgramWord), (108 bytes).
    Removing stm32f0xx_flash.o(i.FLASH_SetLatency), (28 bytes).
    Removing stm32f0xx_flash.o(i.FLASH_Unlock), (36 bytes).
    Removing stm32f0xx_flash.o(i.FLASH_WaitForLastOperation), (40 bytes).
    Removing stm32f0xx_exti.o(.rev16_text), (4 bytes).
    Removing stm32f0xx_exti.o(.revsh_text), (4 bytes).
    Removing stm32f0xx_exti.o(i.EXTI_ClearFlag), (12 bytes).
    Removing stm32f0xx_exti.o(i.EXTI_ClearITPendingBit), (12 bytes).
    Removing stm32f0xx_exti.o(i.EXTI_DeInit), (32 bytes).
    Removing stm32f0xx_exti.o(i.EXTI_GenerateSWInterrupt), (16 bytes).
    Removing stm32f0xx_exti.o(i.EXTI_GetFlagStatus), (28 bytes).
    Removing stm32f0xx_exti.o(i.EXTI_GetITStatus), (28 bytes).
    Removing stm32f0xx_exti.o(i.EXTI_Init), (136 bytes).
    Removing stm32f0xx_exti.o(i.EXTI_StructInit), (16 bytes).
    Removing stm32f0xx_can.o(.rev16_text), (4 bytes).
    Removing stm32f0xx_can.o(.revsh_text), (4 bytes).
    Removing stm32f0xx_can.o(i.CAN_CancelTransmit), (54 bytes).
    Removing stm32f0xx_can.o(i.CAN_ClearFlag), (68 bytes).
    Removing stm32f0xx_can.o(i.CAN_ClearITPendingBit), (188 bytes).
    Removing stm32f0xx_can.o(i.CAN_DBGFreeze), (28 bytes).
    Removing stm32f0xx_can.o(i.CAN_DeInit), (24 bytes).
    Removing stm32f0xx_can.o(i.CAN_FIFORelease), (24 bytes).
    Removing stm32f0xx_can.o(i.CAN_FilterInit), (252 bytes).
    Removing stm32f0xx_can.o(i.CAN_GetFlagStatus), (146 bytes).
    Removing stm32f0xx_can.o(i.CAN_GetITStatus), (312 bytes).
    Removing stm32f0xx_can.o(i.CAN_GetLSBTransmitErrorCounter), (16 bytes).
    Removing stm32f0xx_can.o(i.CAN_GetLastErrorCode), (14 bytes).
    Removing stm32f0xx_can.o(i.CAN_GetReceiveErrorCounter), (10 bytes).
    Removing stm32f0xx_can.o(i.CAN_ITConfig), (20 bytes).
    Removing stm32f0xx_can.o(i.CAN_Init), (284 bytes).
    Removing stm32f0xx_can.o(i.CAN_MessagePending), (32 bytes).
    Removing stm32f0xx_can.o(i.CAN_OperatingModeRequest), (172 bytes).
    Removing stm32f0xx_can.o(i.CAN_Receive), (262 bytes).
    Removing stm32f0xx_can.o(i.CAN_SlaveStartBank), (56 bytes).
    Removing stm32f0xx_can.o(i.CAN_Sleep), (30 bytes).
    Removing stm32f0xx_can.o(i.CAN_StructInit), (32 bytes).
    Removing stm32f0xx_can.o(i.CAN_TTComModeCmd), (128 bytes).
    Removing stm32f0xx_can.o(i.CAN_Transmit), (308 bytes).
    Removing stm32f0xx_can.o(i.CAN_TransmitStatus), (176 bytes).
    Removing stm32f0xx_can.o(i.CAN_WakeUp), (52 bytes).
    Removing stm32f0xx_can.o(i.CheckITStatus), (20 bytes).
    Removing stm32f0xx_adc.o(.rev16_text), (4 bytes).
    Removing stm32f0xx_adc.o(.revsh_text), (4 bytes).
    Removing stm32f0xx_adc.o(i.ADC_AnalogWatchdogCmd), (28 bytes).
    Removing stm32f0xx_adc.o(i.ADC_AnalogWatchdogSingleChannelCmd), (28 bytes).
    Removing stm32f0xx_adc.o(i.ADC_AnalogWatchdogSingleChannelConfig), (28 bytes).
    Removing stm32f0xx_adc.o(i.ADC_AnalogWatchdogThresholdsConfig), (8 bytes).
    Removing stm32f0xx_adc.o(i.ADC_AutoPowerOffCmd), (28 bytes).
    Removing stm32f0xx_adc.o(i.ADC_ClearFlag), (4 bytes).
    Removing stm32f0xx_adc.o(i.ADC_ClearITPendingBit), (4 bytes).
    Removing stm32f0xx_adc.o(i.ADC_ClockModeConfig), (4 bytes).
    Removing stm32f0xx_adc.o(i.ADC_ContinuousModeCmd), (28 bytes).
    Removing stm32f0xx_adc.o(i.ADC_DMACmd), (24 bytes).
    Removing stm32f0xx_adc.o(i.ADC_DMARequestModeConfig), (16 bytes).
    Removing stm32f0xx_adc.o(i.ADC_DiscModeCmd), (28 bytes).
    Removing stm32f0xx_adc.o(i.ADC_GetITStatus), (34 bytes).
    Removing stm32f0xx_adc.o(i.ADC_ITConfig), (20 bytes).
    Removing stm32f0xx_adc.o(i.ADC_JitterCmd), (20 bytes).
    Removing stm32f0xx_adc.o(i.ADC_OverrunModeCmd), (28 bytes).
    Removing stm32f0xx_adc.o(i.ADC_StopOfConversion), (10 bytes).
    Removing stm32f0xx_adc.o(i.ADC_TempSensorCmd), (40 bytes).
    Removing stm32f0xx_adc.o(i.ADC_VbatCmd), (40 bytes).
    Removing stm32f0xx_adc.o(i.ADC_VrefintCmd), (40 bytes).
    Removing stm32f0xx_adc.o(i.ADC_WaitModeCmd), (28 bytes).
    Removing system_stm32f0xx.o(.rev16_text), (4 bytes).
    Removing system_stm32f0xx.o(.revsh_text), (4 bytes).
    Removing system_stm32f0xx.o(i.SystemCoreClockUpdate), (176 bytes).
    Removing stm32f0xx_misc.o(.rev16_text), (4 bytes).
    Removing stm32f0xx_misc.o(.revsh_text), (4 bytes).
    Removing stm32f0xx_misc.o(i.NVIC_Init), (112 bytes).
    Removing stm32f0xx_misc.o(i.NVIC_SystemLPConfig), (32 bytes).
    Removing stm32f0xx_misc.o(i.SysTick_CLKSourceConfig), (36 bytes).
    Removing port.o(i.vPortEndScheduler), (36 bytes).
    Removing startup_stm32f030.o(HEAP), (512 bytes).

526 unused section(s) (total 23188 bytes) removed from the image.

==============================================================================

Image Symbol Table

    Local Symbols

    Symbol Name                              Value     Ov Type        Size  Object(Section)

    ../clib/microlib/division.c              0x00000000   Number         0  uidiv.o ABSOLUTE
    ../clib/microlib/init/entry.s            0x00000000   Number         0  entry5.o ABSOLUTE
    ../clib/microlib/init/entry.s            0x00000000   Number         0  entry11b.o ABSOLUTE
    ../clib/microlib/init/entry.s            0x00000000   Number         0  entry11a.o ABSOLUTE
    ../clib/microlib/init/entry.s            0x00000000   Number         0  entry10b.o ABSOLUTE
    ../clib/microlib/init/entry.s            0x00000000   Number         0  entry10a.o ABSOLUTE
    ../clib/microlib/init/entry.s            0x00000000   Number         0  entry8b.o ABSOLUTE
    ../clib/microlib/init/entry.s            0x00000000   Number         0  entry8a.o ABSOLUTE
    ../clib/microlib/init/entry.s            0x00000000   Number         0  entry7b.o ABSOLUTE
    ../clib/microlib/init/entry.s            0x00000000   Number         0  entry7a.o ABSOLUTE
    ../clib/microlib/init/entry.s            0x00000000   Number         0  entry9a.o ABSOLUTE
    ../clib/microlib/init/entry.s            0x00000000   Number         0  entry9b.o ABSOLUTE
    ../clib/microlib/init/entry.s            0x00000000   Number         0  entry2.o ABSOLUTE
    ../clib/microlib/init/entry.s            0x00000000   Number         0  entry.o ABSOLUTE
    ../clib/microlib/longlong.c              0x00000000   Number         0  llushr.o ABSOLUTE
    ../clib/microlib/longlong.c              0x00000000   Number         0  llshl.o ABSOLUTE
    ../clib/microlib/string/memcpy.c         0x00000000   Number         0  memcpya.o ABSOLUTE
    ../clib/microlib/string/memcpy.c         0x00000000   Number         0  memcpyb.o ABSOLUTE
    ../clib/microlib/string/memset.c         0x00000000   Number         0  memseta.o ABSOLUTE
    ../clib/microlib/stubs.s                 0x00000000   Number         0  iusefp.o ABSOLUTE
    ../fplib/microlib/d2f.c                  0x00000000   Number         0  d2f.o ABSOLUTE
    ../fplib/microlib/f2d.c                  0x00000000   Number         0  f2d.o ABSOLUTE
    ../fplib/microlib/fpdiv.c                0x00000000   Number         0  ddiv.o ABSOLUTE
    ../fplib/microlib/fpepilogue.c           0x00000000   Number         0  fepilogue.o ABSOLUTE
    ../fplib/microlib/fpepilogue.c           0x00000000   Number         0  depilogue.o ABSOLUTE
    ../fplib/microlib/fpflt.c                0x00000000   Number         0  dfltui.o ABSOLUTE
    ../fplib/microlib/fpmul.c                0x00000000   Number         0  dmul.o ABSOLUTE
    CORE\startup_stm32f030.s                 0x00000000   Number         0  startup_stm32f030.o ABSOLUTE
    Driver\Led.c                             0x00000000   Number         0  led.o ABSOLUTE
    Driver\NRF24L01.C                        0x00000000   Number         0  nrf24l01.o ABSOLUTE
    Driver\SPI.c                             0x00000000   Number         0  spi.o ABSOLUTE
    Driver\\Led.c                            0x00000000   Number         0  led.o ABSOLUTE
    Driver\\NRF24L01.C                       0x00000000   Number         0  nrf24l01.o ABSOLUTE
    Driver\\SPI.c                            0x00000000   Number         0  spi.o ABSOLUTE
    Driver\\delay.c                          0x00000000   Number         0  delay.o ABSOLUTE
    Driver\\drv_adc.c                        0x00000000   Number         0  drv_adc.o ABSOLUTE
    Driver\\main.c                           0x00000000   Number         0  main.o ABSOLUTE
    Driver\delay.c                           0x00000000   Number         0  delay.o ABSOLUTE
    Driver\drv_adc.c                         0x00000000   Number         0  drv_adc.o ABSOLUTE
    Driver\main.c                            0x00000000   Number         0  main.o ABSOLUTE
    cdcmple.s                                0x00000000   Number         0  cdcmple.o ABSOLUTE
    dc.s                                     0x00000000   Number         0  dc.o ABSOLUTE
    handlers.s                               0x00000000   Number         0  handlers.o ABSOLUTE
    init.s                                   0x00000000   Number         0  init.o ABSOLUTE
    src\Official_Files\FreeRTOS_V8_1_2\Source\croutine.c 0x00000000   Number         0  croutine.o ABSOLUTE
    src\Official_Files\FreeRTOS_V8_1_2\Source\list.c 0x00000000   Number         0  list.o ABSOLUTE
    src\Official_Files\FreeRTOS_V8_1_2\Source\portable\MemMang\heap_2.c 0x00000000   Number         0  heap_2.o ABSOLUTE
    src\Official_Files\FreeRTOS_V8_1_2\Source\portable\RVDS\ARM_CM0\port.c 0x00000000   Number         0  port.o ABSOLUTE
    src\Official_Files\FreeRTOS_V8_1_2\Source\queue.c 0x00000000   Number         0  queue.o ABSOLUTE
    src\Official_Files\FreeRTOS_V8_1_2\Source\tasks.c 0x00000000   Number         0  tasks.o ABSOLUTE
    src\Official_Files\FreeRTOS_V8_1_2\Source\timers.c 0x00000000   Number         0  timers.o ABSOLUTE
    src\Official_Files\STM32F0xx_StdPeriph_Driver\src\stm32f0xx_adc.c 0x00000000   Number         0  stm32f0xx_adc.o ABSOLUTE
    src\Official_Files\STM32F0xx_StdPeriph_Driver\src\stm32f0xx_can.c 0x00000000   Number         0  stm32f0xx_can.o ABSOLUTE
    src\Official_Files\STM32F0xx_StdPeriph_Driver\src\stm32f0xx_exti.c 0x00000000   Number         0  stm32f0xx_exti.o ABSOLUTE
    src\Official_Files\STM32F0xx_StdPeriph_Driver\src\stm32f0xx_flash.c 0x00000000   Number         0  stm32f0xx_flash.o ABSOLUTE
    src\Official_Files\STM32F0xx_StdPeriph_Driver\src\stm32f0xx_gpio.c 0x00000000   Number         0  stm32f0xx_gpio.o ABSOLUTE
    src\Official_Files\STM32F0xx_StdPeriph_Driver\src\stm32f0xx_i2c.c 0x00000000   Number         0  stm32f0xx_i2c.o ABSOLUTE
    src\Official_Files\STM32F0xx_StdPeriph_Driver\src\stm32f0xx_iwdg.c 0x00000000   Number         0  stm32f0xx_iwdg.o ABSOLUTE
    src\Official_Files\STM32F0xx_StdPeriph_Driver\src\stm32f0xx_misc.c 0x00000000   Number         0  stm32f0xx_misc.o ABSOLUTE
    src\Official_Files\STM32F0xx_StdPeriph_Driver\src\stm32f0xx_pwr.c 0x00000000   Number         0  stm32f0xx_pwr.o ABSOLUTE
    src\Official_Files\STM32F0xx_StdPeriph_Driver\src\stm32f0xx_rcc.c 0x00000000   Number         0  stm32f0xx_rcc.o ABSOLUTE
    src\Official_Files\STM32F0xx_StdPeriph_Driver\src\stm32f0xx_rtc.c 0x00000000   Number         0  stm32f0xx_rtc.o ABSOLUTE
    src\Official_Files\STM32F0xx_StdPeriph_Driver\src\stm32f0xx_spi.c 0x00000000   Number         0  stm32f0xx_spi.o ABSOLUTE
    src\Official_Files\STM32F0xx_StdPeriph_Driver\src\stm32f0xx_syscfg.c 0x00000000   Number         0  stm32f0xx_syscfg.o ABSOLUTE
    src\Official_Files\STM32F0xx_StdPeriph_Driver\src\stm32f0xx_tim.c 0x00000000   Number         0  stm32f0xx_tim.o ABSOLUTE
    src\Official_Files\STM32F0xx_StdPeriph_Driver\src\stm32f0xx_usart.c 0x00000000   Number         0  stm32f0xx_usart.o ABSOLUTE
    src\Official_Files\STM32F0xx_StdPeriph_Driver\system_stm32f0xx.c 0x00000000   Number         0  system_stm32f0xx.o ABSOLUTE
    src\User_Files\stm32f0xx_it.c            0x00000000   Number         0  stm32f0xx_it.o ABSOLUTE
    src\\Official_Files\\FreeRTOS_V8_1_2\\Source\\portable\\RVDS\\ARM_CM0\\port.c 0x00000000   Number         0  port.o ABSOLUTE
    src\\Official_Files\\STM32F0xx_StdPeriph_Driver\\src\\stm32f0xx_adc.c 0x00000000   Number         0  stm32f0xx_adc.o ABSOLUTE
    src\\Official_Files\\STM32F0xx_StdPeriph_Driver\\src\\stm32f0xx_can.c 0x00000000   Number         0  stm32f0xx_can.o ABSOLUTE
    src\\Official_Files\\STM32F0xx_StdPeriph_Driver\\src\\stm32f0xx_exti.c 0x00000000   Number         0  stm32f0xx_exti.o ABSOLUTE
    src\\Official_Files\\STM32F0xx_StdPeriph_Driver\\src\\stm32f0xx_flash.c 0x00000000   Number         0  stm32f0xx_flash.o ABSOLUTE
    src\\Official_Files\\STM32F0xx_StdPeriph_Driver\\src\\stm32f0xx_gpio.c 0x00000000   Number         0  stm32f0xx_gpio.o ABSOLUTE
    src\\Official_Files\\STM32F0xx_StdPeriph_Driver\\src\\stm32f0xx_i2c.c 0x00000000   Number         0  stm32f0xx_i2c.o ABSOLUTE
    src\\Official_Files\\STM32F0xx_StdPeriph_Driver\\src\\stm32f0xx_iwdg.c 0x00000000   Number         0  stm32f0xx_iwdg.o ABSOLUTE
    src\\Official_Files\\STM32F0xx_StdPeriph_Driver\\src\\stm32f0xx_misc.c 0x00000000   Number         0  stm32f0xx_misc.o ABSOLUTE
    src\\Official_Files\\STM32F0xx_StdPeriph_Driver\\src\\stm32f0xx_pwr.c 0x00000000   Number         0  stm32f0xx_pwr.o ABSOLUTE
    src\\Official_Files\\STM32F0xx_StdPeriph_Driver\\src\\stm32f0xx_rcc.c 0x00000000   Number         0  stm32f0xx_rcc.o ABSOLUTE
    src\\Official_Files\\STM32F0xx_StdPeriph_Driver\\src\\stm32f0xx_rtc.c 0x00000000   Number         0  stm32f0xx_rtc.o ABSOLUTE
    src\\Official_Files\\STM32F0xx_StdPeriph_Driver\\src\\stm32f0xx_spi.c 0x00000000   Number         0  stm32f0xx_spi.o ABSOLUTE
    src\\Official_Files\\STM32F0xx_StdPeriph_Driver\\src\\stm32f0xx_syscfg.c 0x00000000   Number         0  stm32f0xx_syscfg.o ABSOLUTE
    src\\Official_Files\\STM32F0xx_StdPeriph_Driver\\src\\stm32f0xx_tim.c 0x00000000   Number         0  stm32f0xx_tim.o ABSOLUTE
    src\\Official_Files\\STM32F0xx_StdPeriph_Driver\\src\\stm32f0xx_usart.c 0x00000000   Number         0  stm32f0xx_usart.o ABSOLUTE
    src\\Official_Files\\STM32F0xx_StdPeriph_Driver\\system_stm32f0xx.c 0x00000000   Number         0  system_stm32f0xx.o ABSOLUTE
    src\\User_Files\\stm32f0xx_it.c          0x00000000   Number         0  stm32f0xx_it.o ABSOLUTE
    RESET                                    0x08000000   Section      192  startup_stm32f030.o(RESET)
    .ARM.Collect$$$$00000000                 0x080000c0   Section        0  entry.o(.ARM.Collect$$$$00000000)
    .ARM.Collect$$$$00000001                 0x080000c0   Section        4  entry2.o(.ARM.Collect$$$$00000001)
    .ARM.Collect$$$$00000004                 0x080000c4   Section        4  entry5.o(.ARM.Collect$$$$00000004)
    .ARM.Collect$$$$00000008                 0x080000c8   Section        0  entry7b.o(.ARM.Collect$$$$00000008)
    .ARM.Collect$$$$0000000A                 0x080000c8   Section        0  entry8b.o(.ARM.Collect$$$$0000000A)
    .ARM.Collect$$$$0000000B                 0x080000c8   Section        8  entry9a.o(.ARM.Collect$$$$0000000B)
    .ARM.Collect$$$$0000000D                 0x080000d0   Section        0  entry10a.o(.ARM.Collect$$$$0000000D)
    .ARM.Collect$$$$0000000F                 0x080000d0   Section        0  entry11a.o(.ARM.Collect$$$$0000000F)
    .ARM.Collect$$$$00002712                 0x080000d0   Section        4  entry2.o(.ARM.Collect$$$$00002712)
    __lit__00000000                          0x080000d0   Data           4  entry2.o(.ARM.Collect$$$$00002712)
    .emb_text                                0x080000d4   Section      112  port.o(.emb_text)
    .text                                    0x08000144   Section       28  startup_stm32f030.o(.text)
    .text                                    0x08000160   Section        0  uidiv.o(.text)
    .text                                    0x0800018c   Section        0  memcpya.o(.text)
    .text                                    0x080001b0   Section        0  memseta.o(.text)
    .text                                    0x080001d4   Section        0  dmul.o(.text)
    .text                                    0x080002a4   Section        0  ddiv.o(.text)
    .text                                    0x08000394   Section        0  dfltui.o(.text)
    .text                                    0x080003b0   Section        0  f2d.o(.text)
    .text                                    0x080003d8   Section       40  cdcmple.o(.text)
    .text                                    0x08000400   Section        0  d2f.o(.text)
    .text                                    0x08000438   Section        0  fepilogue.o(.text)
    .text                                    0x08000438   Section        0  iusefp.o(.text)
    .text                                    0x080004ba   Section        0  depilogue.o(.text)
    .text                                    0x08000578   Section       36  init.o(.text)
    .text                                    0x0800059c   Section        0  llshl.o(.text)
    .text                                    0x080005bc   Section        0  llushr.o(.text)
    i.ADC_ChannelConfig                      0x080005de   Section        0  stm32f0xx_adc.o(i.ADC_ChannelConfig)
    i.ADC_Check                              0x080005f8   Section        0  main.o(i.ADC_Check)
    i.ADC_Cmd                                0x08000774   Section        0  stm32f0xx_adc.o(i.ADC_Cmd)
    i.ADC_DeInit                             0x0800078c   Section        0  stm32f0xx_adc.o(i.ADC_DeInit)
    i.ADC_GetCalibrationFactor               0x080007ac   Section        0  stm32f0xx_adc.o(i.ADC_GetCalibrationFactor)
    i.ADC_GetConversionValue                 0x080007e8   Section        0  stm32f0xx_adc.o(i.ADC_GetConversionValue)
    i.ADC_GetFlagStatus                      0x080007f0   Section        0  stm32f0xx_adc.o(i.ADC_GetFlagStatus)
    i.ADC_Init                               0x08000820   Section        0  stm32f0xx_adc.o(i.ADC_Init)
    i.ADC_StartOfConversion                  0x0800084c   Section        0  stm32f0xx_adc.o(i.ADC_StartOfConversion)
    i.ADC_StructInit                         0x08000856   Section        0  stm32f0xx_adc.o(i.ADC_StructInit)
    i.CEC_CAN_IRQHandler                     0x08000866   Section        0  stm32f0xx_it.o(i.CEC_CAN_IRQHandler)
    i.GPIO_Init                              0x08000868   Section        0  stm32f0xx_gpio.o(i.GPIO_Init)
    i.GPIO_PinAFConfig                       0x080008f8   Section        0  stm32f0xx_gpio.o(i.GPIO_PinAFConfig)
    i.GPIO_ReadInputDataBit                  0x0800093c   Section        0  stm32f0xx_gpio.o(i.GPIO_ReadInputDataBit)
    i.GPIO_ResetBits                         0x08000950   Section        0  stm32f0xx_gpio.o(i.GPIO_ResetBits)
    i.GPIO_SetBits                           0x08000954   Section        0  stm32f0xx_gpio.o(i.GPIO_SetBits)
    i.HardFault_Handler                      0x08000958   Section        0  stm32f0xx_it.o(i.HardFault_Handler)
    i.Key_INIT                               0x0800095c   Section        0  led.o(i.Key_INIT)
    i.LED_INIT                               0x080009b8   Section        0  led.o(i.LED_INIT)
    i.My_System_Init                         0x080009f8   Section        0  main.o(i.My_System_Init)
    i.NMI_Handler                            0x08000ab0   Section        0  stm32f0xx_it.o(i.NMI_Handler)
    i.NRF24L01_INIT                          0x08000ab4   Section        0  nrf24l01.o(i.NRF24L01_INIT)
    i.NRF_CHECK                              0x08000b30   Section        0  nrf24l01.o(i.NRF_CHECK)
    i.NRF_GPIO_Interrupt_Init                0x08000b80   Section        0  nrf24l01.o(i.NRF_GPIO_Interrupt_Init)
    i.NRF_IRQ                                0x08000bac   Section        0  nrf24l01.o(i.NRF_IRQ)
    i.NRF_Read_Buf                           0x08000bd8   Section        0  nrf24l01.o(i.NRF_Read_Buf)
    i.NRF_Read_Reg                           0x08000c18   Section        0  nrf24l01.o(i.NRF_Read_Reg)
    i.NRF_Send                               0x08000c48   Section        0  main.o(i.NRF_Send)
    i.NRF_TxPacket                           0x08000c7c   Section        0  nrf24l01.o(i.NRF_TxPacket)
    i.NRF_Write_Buf                          0x08000ca6   Section        0  nrf24l01.o(i.NRF_Write_Buf)
    i.NRF_Write_Reg                          0x08000ce4   Section        0  nrf24l01.o(i.NRF_Write_Reg)
    i.NVIC_Configuration                     0x08000d14   Section        0  main.o(i.NVIC_Configuration)
    i.NVIC_SetPriority                       0x08000d18   Section        0  main.o(i.NVIC_SetPriority)
    NVIC_SetPriority                         0x08000d19   Thumb Code   110  main.o(i.NVIC_SetPriority)
    i.PendSV_Handler                         0x08000d90   Section        0  stm32f0xx_it.o(i.PendSV_Handler)
    i.RCC_AHBPeriphClockCmd                  0x08000d98   Section        0  stm32f0xx_rcc.o(i.RCC_AHBPeriphClockCmd)
    i.RCC_APB1PeriphClockCmd                 0x08000db8   Section        0  stm32f0xx_rcc.o(i.RCC_APB1PeriphClockCmd)
    i.RCC_APB1PeriphResetCmd                 0x08000dd8   Section        0  stm32f0xx_rcc.o(i.RCC_APB1PeriphResetCmd)
    i.RCC_APB2PeriphClockCmd                 0x08000df8   Section        0  stm32f0xx_rcc.o(i.RCC_APB2PeriphClockCmd)
    i.RCC_APB2PeriphResetCmd                 0x08000e18   Section        0  stm32f0xx_rcc.o(i.RCC_APB2PeriphResetCmd)
    i.SPI1_INIT                              0x08000e38   Section        0  spi.o(i.SPI1_INIT)
    i.SPI_Cmd                                0x08000f4c   Section        0  stm32f0xx_spi.o(i.SPI_Cmd)
    i.SPI_I2S_DeInit                         0x08000f68   Section        0  stm32f0xx_spi.o(i.SPI_I2S_DeInit)
    i.SPI_I2S_GetFlagStatus                  0x08000fa4   Section        0  stm32f0xx_spi.o(i.SPI_I2S_GetFlagStatus)
    i.SPI_Init                               0x08000fb8   Section        0  stm32f0xx_spi.o(i.SPI_Init)
    i.SPI_RW                                 0x08001010   Section        0  spi.o(i.SPI_RW)
    i.SPI_ReceiveData8                       0x08001044   Section        0  stm32f0xx_spi.o(i.SPI_ReceiveData8)
    i.SPI_RxFIFOThresholdConfig              0x08001050   Section        0  stm32f0xx_spi.o(i.SPI_RxFIFOThresholdConfig)
    i.SPI_SendData8                          0x08001064   Section        0  stm32f0xx_spi.o(i.SPI_SendData8)
    i.SVC_Handler                            0x0800106e   Section        0  stm32f0xx_it.o(i.SVC_Handler)
    i.SetSysClock                            0x08001078   Section        0  system_stm32f0xx.o(i.SetSysClock)
    SetSysClock                              0x08001079   Thumb Code   206  system_stm32f0xx.o(i.SetSysClock)
    i.SysTick_Handler                        0x08001150   Section        0  stm32f0xx_it.o(i.SysTick_Handler)
    i.SystemInit                             0x08001158   Section        0  system_stm32f0xx.o(i.SystemInit)
    i.TIM2_IRQHandler                        0x080011d4   Section        0  stm32f0xx_it.o(i.TIM2_IRQHandler)
    i.USART1_IRQHandler                      0x080011d6   Section        0  stm32f0xx_it.o(i.USART1_IRQHandler)
    i.USART2_IRQHandler                      0x080011d8   Section        0  stm32f0xx_it.o(i.USART2_IRQHandler)
    i.Val_Check                              0x080011dc   Section        0  main.o(i.Val_Check)
    i.__ARM_clz                              0x080012c0   Section        0  depilogue.o(i.__ARM_clz)
    i.__ARM_common_switch8                   0x080012ee   Section        0  timers.o(i.__ARM_common_switch8)
    i.__scatterload_copy                     0x0800130a   Section       14  handlers.o(i.__scatterload_copy)
    i.__scatterload_null                     0x08001318   Section        2  handlers.o(i.__scatterload_null)
    i.__scatterload_zeroinit                 0x0800131a   Section       14  handlers.o(i.__scatterload_zeroinit)
    i.adcInit0                               0x08001328   Section        0  drv_adc.o(i.adcInit0)
    i.adcInit1                               0x080013cc   Section        0  drv_adc.o(i.adcInit1)
    i.adcInit2                               0x08001470   Section        0  drv_adc.o(i.adcInit2)
    i.adcInit3                               0x08001514   Section        0  drv_adc.o(i.adcInit3)
    i.adcInit4                               0x080015b8   Section        0  drv_adc.o(i.adcInit4)
    i.adcInit5                               0x0800165c   Section        0  drv_adc.o(i.adcInit5)
    i.adcInit6                               0x08001700   Section        0  drv_adc.o(i.adcInit6)
    i.delay_Ms_Loop                          0x080017a4   Section        0  delay.o(i.delay_Ms_Loop)
    i.main                                   0x080017d0   Section        0  main.o(i.main)
    i.prvAddCurrentTaskToDelayedList         0x08001934   Section        0  tasks.o(i.prvAddCurrentTaskToDelayedList)
    prvAddCurrentTaskToDelayedList           0x08001935   Thumb Code    62  tasks.o(i.prvAddCurrentTaskToDelayedList)
    i.prvAllocateTCBAndStack                 0x08001988   Section        0  tasks.o(i.prvAllocateTCBAndStack)
    prvAllocateTCBAndStack                   0x08001989   Thumb Code    64  tasks.o(i.prvAllocateTCBAndStack)
    i.prvCheckForValidListAndQueue           0x080019c8   Section        0  timers.o(i.prvCheckForValidListAndQueue)
    prvCheckForValidListAndQueue             0x080019c9   Thumb Code    90  timers.o(i.prvCheckForValidListAndQueue)
    i.prvCheckTasksWaitingTermination        0x08001a40   Section        0  tasks.o(i.prvCheckTasksWaitingTermination)
    prvCheckTasksWaitingTermination          0x08001a41   Thumb Code    90  tasks.o(i.prvCheckTasksWaitingTermination)
    i.prvCopyDataFromQueue                   0x08001aa8   Section        0  queue.o(i.prvCopyDataFromQueue)
    prvCopyDataFromQueue                     0x08001aa9   Thumb Code    44  queue.o(i.prvCopyDataFromQueue)
    i.prvCopyDataToQueue                     0x08001ad4   Section        0  queue.o(i.prvCopyDataToQueue)
    prvCopyDataToQueue                       0x08001ad5   Thumb Code   132  queue.o(i.prvCopyDataToQueue)
    i.prvDeleteTCB                           0x08001b58   Section        0  tasks.o(i.prvDeleteTCB)
    prvDeleteTCB                             0x08001b59   Thumb Code    18  tasks.o(i.prvDeleteTCB)
    i.prvGetNextExpireTime                   0x08001b6c   Section        0  timers.o(i.prvGetNextExpireTime)
    prvGetNextExpireTime                     0x08001b6d   Thumb Code    40  timers.o(i.prvGetNextExpireTime)
    i.prvHeapInit                            0x08001b98   Section        0  heap_2.o(i.prvHeapInit)
    prvHeapInit                              0x08001b99   Thumb Code    42  heap_2.o(i.prvHeapInit)
    i.prvIdleTask                            0x08001bd0   Section        0  tasks.o(i.prvIdleTask)
    prvIdleTask                              0x08001bd1   Thumb Code    20  tasks.o(i.prvIdleTask)
    i.prvInitialiseTCBVariables              0x08001be8   Section        0  tasks.o(i.prvInitialiseTCBVariables)
    prvInitialiseTCBVariables                0x08001be9   Thumb Code    82  tasks.o(i.prvInitialiseTCBVariables)
    i.prvInitialiseTaskLists                 0x08001c3c   Section        0  tasks.o(i.prvInitialiseTaskLists)
    prvInitialiseTaskLists                   0x08001c3d   Thumb Code    68  tasks.o(i.prvInitialiseTaskLists)
    i.prvInsertTimerInActiveList             0x08001ca0   Section        0  timers.o(i.prvInsertTimerInActiveList)
    prvInsertTimerInActiveList               0x08001ca1   Thumb Code    76  timers.o(i.prvInsertTimerInActiveList)
    i.prvIsQueueEmpty                        0x08001cf4   Section        0  queue.o(i.prvIsQueueEmpty)
    prvIsQueueEmpty                          0x08001cf5   Thumb Code    28  queue.o(i.prvIsQueueEmpty)
    i.prvIsQueueFull                         0x08001d10   Section        0  queue.o(i.prvIsQueueFull)
    prvIsQueueFull                           0x08001d11   Thumb Code    30  queue.o(i.prvIsQueueFull)
    i.prvProcessExpiredTimer                 0x08001d30   Section        0  timers.o(i.prvProcessExpiredTimer)
    prvProcessExpiredTimer                   0x08001d31   Thumb Code    82  timers.o(i.prvProcessExpiredTimer)
    i.prvProcessReceivedCommands             0x08001d88   Section        0  timers.o(i.prvProcessReceivedCommands)
    prvProcessReceivedCommands               0x08001d89   Thumb Code   222  timers.o(i.prvProcessReceivedCommands)
    i.prvProcessTimerOrBlockTask             0x08001e6c   Section        0  timers.o(i.prvProcessTimerOrBlockTask)
    prvProcessTimerOrBlockTask               0x08001e6d   Thumb Code    76  timers.o(i.prvProcessTimerOrBlockTask)
    i.prvResetNextTaskUnblockTime            0x08001ebc   Section        0  tasks.o(i.prvResetNextTaskUnblockTime)
    prvResetNextTaskUnblockTime              0x08001ebd   Thumb Code    46  tasks.o(i.prvResetNextTaskUnblockTime)
    i.prvSampleTimeNow                       0x08001ef4   Section        0  timers.o(i.prvSampleTimeNow)
    prvSampleTimeNow                         0x08001ef5   Thumb Code    40  timers.o(i.prvSampleTimeNow)
    i.prvSetupTimerInterrupt                 0x08001f20   Section        0  port.o(i.prvSetupTimerInterrupt)
    prvSetupTimerInterrupt                   0x08001f21   Thumb Code    12  port.o(i.prvSetupTimerInterrupt)
    i.prvSwitchTimerLists                    0x08001f34   Section        0  timers.o(i.prvSwitchTimerLists)
    prvSwitchTimerLists                      0x08001f35   Thumb Code   134  timers.o(i.prvSwitchTimerLists)
    i.prvTaskExitError                       0x08001fc4   Section        0  port.o(i.prvTaskExitError)
    prvTaskExitError                         0x08001fc5   Thumb Code    32  port.o(i.prvTaskExitError)
    i.prvTimerTask                           0x08001fe8   Section        0  timers.o(i.prvTimerTask)
    prvTimerTask                             0x08001fe9   Thumb Code    26  timers.o(i.prvTimerTask)
    i.prvUnlockQueue                         0x08002002   Section        0  queue.o(i.prvUnlockQueue)
    prvUnlockQueue                           0x08002003   Thumb Code   138  queue.o(i.prvUnlockQueue)
    i.pvPortMalloc                           0x0800208c   Section        0  heap_2.o(i.pvPortMalloc)
    i.pvTaskIncrementMutexHeldCount          0x08002144   Section        0  tasks.o(i.pvTaskIncrementMutexHeldCount)
    i.pxPortInitialiseStack                  0x08002164   Section        0  port.o(i.pxPortInitialiseStack)
    i.uxListRemove                           0x08002184   Section        0  list.o(i.uxListRemove)
    i.vListInitialise                        0x080021ac   Section        0  list.o(i.vListInitialise)
    i.vListInitialiseItem                    0x080021c6   Section        0  list.o(i.vListInitialiseItem)
    i.vListInsert                            0x080021cc   Section        0  list.o(i.vListInsert)
    i.vListInsertEnd                         0x08002202   Section        0  list.o(i.vListInsertEnd)
    i.vPortEnterCritical                     0x0800221c   Section        0  port.o(i.vPortEnterCritical)
    i.vPortExitCritical                      0x08002238   Section        0  port.o(i.vPortExitCritical)
    i.vPortFree                              0x08002260   Section        0  heap_2.o(i.vPortFree)
    i.vPortSVCHandler                        0x080022a4   Section        0  port.o(i.vPortSVCHandler)
    i.vPortYield                             0x080022a8   Section        0  port.o(i.vPortYield)
    i.vQueueAddToRegistry                    0x080022c0   Section        0  queue.o(i.vQueueAddToRegistry)
    i.vQueueWaitForMessageRestricted         0x080022ec   Section        0  queue.o(i.vQueueWaitForMessageRestricted)
    i.vTaskDelay                             0x08002328   Section        0  tasks.o(i.vTaskDelay)
    i.vTaskMissedYield                       0x08002380   Section        0  tasks.o(i.vTaskMissedYield)
    i.vTaskPlaceOnEventList                  0x0800238c   Section        0  tasks.o(i.vTaskPlaceOnEventList)
    i.vTaskPlaceOnEventListRestricted        0x080023e0   Section        0  tasks.o(i.vTaskPlaceOnEventListRestricted)
    i.vTaskPriorityInherit                   0x0800241c   Section        0  tasks.o(i.vTaskPriorityInherit)
    i.vTaskSetTimeOutState                   0x080024a8   Section        0  tasks.o(i.vTaskSetTimeOutState)
    i.vTaskStartScheduler                    0x080024c8   Section        0  tasks.o(i.vTaskStartScheduler)
    i.vTaskSuspendAll                        0x08002524   Section        0  tasks.o(i.vTaskSuspendAll)
    i.vTaskSwitchContext                     0x08002534   Section        0  tasks.o(i.vTaskSwitchContext)
    i.xPortStartScheduler                    0x080025c0   Section        0  port.o(i.xPortStartScheduler)
    i.xPortSysTickHandler                    0x080025f8   Section        0  port.o(i.xPortSysTickHandler)
    i.xQueueGenericCreate                    0x0800261c   Section        0  queue.o(i.xQueueGenericCreate)
    i.xQueueGenericReceive                   0x08002678   Section        0  queue.o(i.xQueueGenericReceive)
    i.xQueueGenericReset                     0x080027e8   Section        0  queue.o(i.xQueueGenericReset)
    i.xQueueGenericSend                      0x08002866   Section        0  queue.o(i.xQueueGenericSend)
    i.xQueueGenericSendFromISR               0x080029b4   Section        0  queue.o(i.xQueueGenericSendFromISR)
    i.xTaskCheckForTimeOut                   0x08002a74   Section        0  tasks.o(i.xTaskCheckForTimeOut)
    i.xTaskGenericCreate                     0x08002ae8   Section        0  tasks.o(i.xTaskGenericCreate)
    i.xTaskGetSchedulerState                 0x08002c20   Section        0  tasks.o(i.xTaskGetSchedulerState)
    i.xTaskGetTickCount                      0x08002c44   Section        0  tasks.o(i.xTaskGetTickCount)
    i.xTaskIncrementTick                     0x08002c5c   Section        0  tasks.o(i.xTaskIncrementTick)
    i.xTaskPriorityDisinherit                0x08002d9c   Section        0  tasks.o(i.xTaskPriorityDisinherit)
    i.xTaskRemoveFromEventList               0x08002e08   Section        0  tasks.o(i.xTaskRemoveFromEventList)
    i.xTaskResumeAll                         0x08002e90   Section        0  tasks.o(i.xTaskResumeAll)
    i.xTimerCreateTimerTask                  0x08002f7c   Section        0  timers.o(i.xTimerCreateTimerTask)
    i.xTimerGenericCommand                   0x08002fc8   Section        0  timers.o(i.xTimerGenericCommand)
    .data                                    0x20000000   Section        4  delay.o(.data)
    i                                        0x20000000   Data           4  delay.o(.data)
    .data                                    0x20000004   Section       16  drv_adc.o(.data)
    .data                                    0x20000014   Section       10  nrf24l01.o(.data)
    TX_ADDRESS                               0x20000014   Data           5  nrf24l01.o(.data)
    RX_ADDRESS                               0x20000019   Data           5  nrf24l01.o(.data)
    .data                                    0x20000020   Section        8  main.o(.data)
    NRF_Counter                              0x20000020   Data           4  main.o(.data)
    NRF_Check_Sum                            0x20000024   Data           4  main.o(.data)
    .data                                    0x20000028   Section       24  heap_2.o(.data)
    xStart                                   0x20000028   Data           8  heap_2.o(.data)
    xEnd                                     0x20000030   Data           8  heap_2.o(.data)
    xFreeBytesRemaining                      0x20000038   Data           4  heap_2.o(.data)
    xHeapHasBeenInitialised                  0x2000003c   Data           4  heap_2.o(.data)
    .data                                    0x20000040   Section       16  timers.o(.data)
    pxCurrentTimerList                       0x20000040   Data           4  timers.o(.data)
    pxOverflowTimerList                      0x20000044   Data           4  timers.o(.data)
    xTimerQueue                              0x20000048   Data           4  timers.o(.data)
    xLastTime                                0x2000004c   Data           4  timers.o(.data)
    .data                                    0x20000050   Section       56  tasks.o(.data)
    pxDelayedTaskList                        0x20000054   Data           4  tasks.o(.data)
    pxOverflowDelayedTaskList                0x20000058   Data           4  tasks.o(.data)
    uxTasksDeleted                           0x2000005c   Data           4  tasks.o(.data)
    uxCurrentNumberOfTasks                   0x20000060   Data           4  tasks.o(.data)
    xTickCount                               0x20000064   Data           4  tasks.o(.data)
    uxTopReadyPriority                       0x20000068   Data           4  tasks.o(.data)
    xSchedulerRunning                        0x2000006c   Data           4  tasks.o(.data)
    uxPendedTicks                            0x20000070   Data           4  tasks.o(.data)
    xYieldPending                            0x20000074   Data           4  tasks.o(.data)
    xNumOfOverflows                          0x20000078   Data           4  tasks.o(.data)
    uxTaskNumber                             0x2000007c   Data           4  tasks.o(.data)
    xNextTaskUnblockTime                     0x20000080   Data           4  tasks.o(.data)
    uxSchedulerSuspended                     0x20000084   Data           4  tasks.o(.data)
    .data                                    0x20000088   Section       20  system_stm32f0xx.o(.data)
    .data                                    0x2000009c   Section        4  port.o(.data)
    uxCriticalNesting                        0x2000009c   Data           4  port.o(.data)
    .bss                                     0x200000a0   Section       64  nrf24l01.o(.bss)
    .bss                                     0x200000e0   Section     3400  heap_2.o(.bss)
    ucHeap                                   0x200000e0   Data        3400  heap_2.o(.bss)
    .bss                                     0x20000e28   Section       40  timers.o(.bss)
    xActiveTimerList1                        0x20000e28   Data          20  timers.o(.bss)
    xActiveTimerList2                        0x20000e3c   Data          20  timers.o(.bss)
    .bss                                     0x20000e50   Section      300  tasks.o(.bss)
    pxReadyTasksLists                        0x20000e50   Data         200  tasks.o(.bss)
    xDelayedTaskList1                        0x20000f18   Data          20  tasks.o(.bss)
    xDelayedTaskList2                        0x20000f2c   Data          20  tasks.o(.bss)
    xPendingReadyList                        0x20000f40   Data          20  tasks.o(.bss)
    xTasksWaitingTermination                 0x20000f54   Data          20  tasks.o(.bss)
    xSuspendedTaskList                       0x20000f68   Data          20  tasks.o(.bss)
    .bss                                     0x20000f7c   Section       64  queue.o(.bss)
    STACK                                    0x20000fc0   Section     1024  startup_stm32f030.o(STACK)

    Global Symbols

    Symbol Name                              Value     Ov Type        Size  Object(Section)

    BuildAttributes$$THM_ISAv3M$S$PE$A:L22$X:L11$S22$IEEE1$IW$USESV6$~STKCKD$USESV7$~SHL$OTIME$ROPI$EBA8$MICROLIB$REQ8$PRES8$EABIv2 0x00000000   Number         0  anon$$obj.o ABSOLUTE
    __ARM_use_no_argv                        0x00000000   Number         0  main.o ABSOLUTE
    __cpp_initialize__aeabi_                  - Undefined Weak Reference
    __cxa_finalize                            - Undefined Weak Reference
    __decompress                              - Undefined Weak Reference
    _clock_init                               - Undefined Weak Reference
    _microlib_exit                            - Undefined Weak Reference
    __Vectors_Size                           0x000000c0   Number         0  startup_stm32f030.o ABSOLUTE
    __Vectors                                0x08000000   Data           4  startup_stm32f030.o(RESET)
    __Vectors_End                            0x080000c0   Data           0  startup_stm32f030.o(RESET)
    __main                                   0x080000c1   Thumb Code     0  entry.o(.ARM.Collect$$$$00000000)
    _main_stk                                0x080000c1   Thumb Code     0  entry2.o(.ARM.Collect$$$$00000001)
    _main_scatterload                        0x080000c5   Thumb Code     0  entry5.o(.ARM.Collect$$$$00000004)
    __main_after_scatterload                 0x080000c9   Thumb Code     0  entry5.o(.ARM.Collect$$$$00000004)
    _main_clock                              0x080000c9   Thumb Code     0  entry7b.o(.ARM.Collect$$$$00000008)
    _main_cpp_init                           0x080000c9   Thumb Code     0  entry8b.o(.ARM.Collect$$$$0000000A)
    _main_init                               0x080000c9   Thumb Code     0  entry9a.o(.ARM.Collect$$$$0000000B)
    __rt_final_cpp                           0x080000d1   Thumb Code     0  entry10a.o(.ARM.Collect$$$$0000000D)
    __rt_final_exit                          0x080000d1   Thumb Code     0  entry11a.o(.ARM.Collect$$$$0000000F)
    __asm___6_port_c_39a90d8d__prvPortStartFirstTask 0x080000d5   Thumb Code    28  port.o(.emb_text)
    ulSetInterruptMaskFromISR                0x080000f5   Thumb Code     8  port.o(.emb_text)
    vClearInterruptMaskFromISR               0x080000fd   Thumb Code     6  port.o(.emb_text)
    xPortPendSVHandler                       0x08000103   Thumb Code    62  port.o(.emb_text)
    Reset_Handler                            0x08000145   Thumb Code     8  startup_stm32f030.o(.text)
    ADC1_IRQHandler                          0x08000157   Thumb Code     0  startup_stm32f030.o(.text)
    DMA1_Channel1_IRQHandler                 0x08000157   Thumb Code     0  startup_stm32f030.o(.text)
    DMA1_Channel2_3_IRQHandler               0x08000157   Thumb Code     0  startup_stm32f030.o(.text)
    DMA1_Channel4_5_IRQHandler               0x08000157   Thumb Code     0  startup_stm32f030.o(.text)
    EXTI0_1_IRQHandler                       0x08000157   Thumb Code     0  startup_stm32f030.o(.text)
    EXTI2_3_IRQHandler                       0x08000157   Thumb Code     0  startup_stm32f030.o(.text)
    EXTI4_15_IRQHandler                      0x08000157   Thumb Code     0  startup_stm32f030.o(.text)
    FLASH_IRQHandler                         0x08000157   Thumb Code     0  startup_stm32f030.o(.text)
    I2C1_IRQHandler                          0x08000157   Thumb Code     0  startup_stm32f030.o(.text)
    PVD_VDDIO2_IRQHandler                    0x08000157   Thumb Code     0  startup_stm32f030.o(.text)
    RCC_CRS_IRQHandler                       0x08000157   Thumb Code     0  startup_stm32f030.o(.text)
    RTC_IRQHandler                           0x08000157   Thumb Code     0  startup_stm32f030.o(.text)
    SPI1_IRQHandler                          0x08000157   Thumb Code     0  startup_stm32f030.o(.text)
    SPI2_IRQHandler                          0x08000157   Thumb Code     0  startup_stm32f030.o(.text)
    TIM14_IRQHandler                         0x08000157   Thumb Code     0  startup_stm32f030.o(.text)
    TIM16_IRQHandler                         0x08000157   Thumb Code     0  startup_stm32f030.o(.text)
    TIM17_IRQHandler                         0x08000157   Thumb Code     0  startup_stm32f030.o(.text)
    TIM1_BRK_UP_TRG_COM_IRQHandler           0x08000157   Thumb Code     0  startup_stm32f030.o(.text)
    TIM1_CC_IRQHandler                       0x08000157   Thumb Code     0  startup_stm32f030.o(.text)
    TIM3_IRQHandler                          0x08000157   Thumb Code     0  startup_stm32f030.o(.text)
    TSC_IRQHandler                           0x08000157   Thumb Code     0  startup_stm32f030.o(.text)
    USB_IRQHandler                           0x08000157   Thumb Code     0  startup_stm32f030.o(.text)
    WWDG_IRQHandler                          0x08000157   Thumb Code     0  startup_stm32f030.o(.text)
    __aeabi_uidiv                            0x08000161   Thumb Code     0  uidiv.o(.text)
    __aeabi_uidivmod                         0x08000161   Thumb Code    44  uidiv.o(.text)
    __aeabi_memcpy                           0x0800018d   Thumb Code    36  memcpya.o(.text)
    __aeabi_memcpy4                          0x0800018d   Thumb Code     0  memcpya.o(.text)
    __aeabi_memcpy8                          0x0800018d   Thumb Code     0  memcpya.o(.text)
    __aeabi_memset                           0x080001b1   Thumb Code    14  memseta.o(.text)
    __aeabi_memset4                          0x080001b1   Thumb Code     0  memseta.o(.text)
    __aeabi_memset8                          0x080001b1   Thumb Code     0  memseta.o(.text)
    __aeabi_memclr                           0x080001bf   Thumb Code     4  memseta.o(.text)
    __aeabi_memclr4                          0x080001bf   Thumb Code     0  memseta.o(.text)
    __aeabi_memclr8                          0x080001bf   Thumb Code     0  memseta.o(.text)
    _memset$wrapper                          0x080001c3   Thumb Code    18  memseta.o(.text)
    __aeabi_dmul                             0x080001d5   Thumb Code   202  dmul.o(.text)
    __aeabi_ddiv                             0x080002a5   Thumb Code   234  ddiv.o(.text)
    __aeabi_ui2d                             0x08000395   Thumb Code    24  dfltui.o(.text)
    __aeabi_f2d                              0x080003b1   Thumb Code    40  f2d.o(.text)
    __aeabi_cdcmpeq                          0x080003d9   Thumb Code     0  cdcmple.o(.text)
    __aeabi_cdcmple                          0x080003d9   Thumb Code    38  cdcmple.o(.text)
    __aeabi_d2f                              0x08000401   Thumb Code    56  d2f.o(.text)
    __I$use$fp                               0x08000439   Thumb Code     0  iusefp.o(.text)
    _float_round                             0x08000439   Thumb Code    16  fepilogue.o(.text)
    _float_epilogue                          0x08000449   Thumb Code   114  fepilogue.o(.text)
    _double_round                            0x080004bb   Thumb Code    26  depilogue.o(.text)
    _double_epilogue                         0x080004d5   Thumb Code   164  depilogue.o(.text)
    __scatterload                            0x08000579   Thumb Code    28  init.o(.text)
    __scatterload_rt2                        0x08000579   Thumb Code     0  init.o(.text)
    __aeabi_llsl                             0x0800059d   Thumb Code    32  llshl.o(.text)
    _ll_shift_l                              0x0800059d   Thumb Code     0  llshl.o(.text)
    __aeabi_llsr                             0x080005bd   Thumb Code    34  llushr.o(.text)
    _ll_ushift_r                             0x080005bd   Thumb Code     0  llushr.o(.text)
    ADC_ChannelConfig                        0x080005df   Thumb Code    24  stm32f0xx_adc.o(i.ADC_ChannelConfig)
    ADC_Check                                0x080005f9   Thumb Code   358  main.o(i.ADC_Check)
    ADC_Cmd                                  0x08000775   Thumb Code    24  stm32f0xx_adc.o(i.ADC_Cmd)
    ADC_DeInit                               0x0800078d   Thumb Code    28  stm32f0xx_adc.o(i.ADC_DeInit)
    ADC_GetCalibrationFactor                 0x080007ad   Thumb Code    60  stm32f0xx_adc.o(i.ADC_GetCalibrationFactor)
    ADC_GetConversionValue                   0x080007e9   Thumb Code     8  stm32f0xx_adc.o(i.ADC_GetConversionValue)
    ADC_GetFlagStatus                        0x080007f1   Thumb Code    48  stm32f0xx_adc.o(i.ADC_GetFlagStatus)
    ADC_Init                                 0x08000821   Thumb Code    40  stm32f0xx_adc.o(i.ADC_Init)
    ADC_StartOfConversion                    0x0800084d   Thumb Code    10  stm32f0xx_adc.o(i.ADC_StartOfConversion)
    ADC_StructInit                           0x08000857   Thumb Code    16  stm32f0xx_adc.o(i.ADC_StructInit)
    CEC_CAN_IRQHandler                       0x08000867   Thumb Code     2  stm32f0xx_it.o(i.CEC_CAN_IRQHandler)
    GPIO_Init                                0x08000869   Thumb Code   144  stm32f0xx_gpio.o(i.GPIO_Init)
    GPIO_PinAFConfig                         0x080008f9   Thumb Code    68  stm32f0xx_gpio.o(i.GPIO_PinAFConfig)
    GPIO_ReadInputDataBit                    0x0800093d   Thumb Code    20  stm32f0xx_gpio.o(i.GPIO_ReadInputDataBit)
    GPIO_ResetBits                           0x08000951   Thumb Code     4  stm32f0xx_gpio.o(i.GPIO_ResetBits)
    GPIO_SetBits                             0x08000955   Thumb Code     4  stm32f0xx_gpio.o(i.GPIO_SetBits)
    HardFault_Handler                        0x08000959   Thumb Code     4  stm32f0xx_it.o(i.HardFault_Handler)
    Key_INIT                                 0x0800095d   Thumb Code    82  led.o(i.Key_INIT)
    LED_INIT                                 0x080009b9   Thumb Code    60  led.o(i.LED_INIT)
    My_System_Init                           0x080009f9   Thumb Code   176  main.o(i.My_System_Init)
    NMI_Handler                              0x08000ab1   Thumb Code     2  stm32f0xx_it.o(i.NMI_Handler)
    NRF24L01_INIT                            0x08000ab5   Thumb Code   116  nrf24l01.o(i.NRF24L01_INIT)
    NRF_CHECK                                0x08000b31   Thumb Code    70  nrf24l01.o(i.NRF_CHECK)
    NRF_GPIO_Interrupt_Init                  0x08000b81   Thumb Code    38  nrf24l01.o(i.NRF_GPIO_Interrupt_Init)
    NRF_IRQ                                  0x08000bad   Thumb Code    44  nrf24l01.o(i.NRF_IRQ)
    NRF_Read_Buf                             0x08000bd9   Thumb Code    64  nrf24l01.o(i.NRF_Read_Buf)
    NRF_Read_Reg                             0x08000c19   Thumb Code    46  nrf24l01.o(i.NRF_Read_Reg)
    NRF_Send                                 0x08000c49   Thumb Code    42  main.o(i.NRF_Send)
    NRF_TxPacket                             0x08000c7d   Thumb Code    42  nrf24l01.o(i.NRF_TxPacket)
    NRF_Write_Buf                            0x08000ca7   Thumb Code    62  nrf24l01.o(i.NRF_Write_Buf)
    NRF_Write_Reg                            0x08000ce5   Thumb Code    48  nrf24l01.o(i.NRF_Write_Reg)
    NVIC_Configuration                       0x08000d15   Thumb Code     2  main.o(i.NVIC_Configuration)
    PendSV_Handler                           0x08000d91   Thumb Code     8  stm32f0xx_it.o(i.PendSV_Handler)
    RCC_AHBPeriphClockCmd                    0x08000d99   Thumb Code    28  stm32f0xx_rcc.o(i.RCC_AHBPeriphClockCmd)
    RCC_APB1PeriphClockCmd                   0x08000db9   Thumb Code    28  stm32f0xx_rcc.o(i.RCC_APB1PeriphClockCmd)
    RCC_APB1PeriphResetCmd                   0x08000dd9   Thumb Code    28  stm32f0xx_rcc.o(i.RCC_APB1PeriphResetCmd)
    RCC_APB2PeriphClockCmd                   0x08000df9   Thumb Code    28  stm32f0xx_rcc.o(i.RCC_APB2PeriphClockCmd)
    RCC_APB2PeriphResetCmd                   0x08000e19   Thumb Code    28  stm32f0xx_rcc.o(i.RCC_APB2PeriphResetCmd)
    SPI1_INIT                                0x08000e39   Thumb Code   266  spi.o(i.SPI1_INIT)
    SPI_Cmd                                  0x08000f4d   Thumb Code    24  stm32f0xx_spi.o(i.SPI_Cmd)
    SPI_I2S_DeInit                           0x08000f69   Thumb Code    52  stm32f0xx_spi.o(i.SPI_I2S_DeInit)
    SPI_I2S_GetFlagStatus                    0x08000fa5   Thumb Code    20  stm32f0xx_spi.o(i.SPI_I2S_GetFlagStatus)
    SPI_Init                                 0x08000fb9   Thumb Code    76  stm32f0xx_spi.o(i.SPI_Init)
    SPI_RW                                   0x08001011   Thumb Code    48  spi.o(i.SPI_RW)
    SPI_ReceiveData8                         0x08001045   Thumb Code    12  stm32f0xx_spi.o(i.SPI_ReceiveData8)
    SPI_RxFIFOThresholdConfig                0x08001051   Thumb Code    16  stm32f0xx_spi.o(i.SPI_RxFIFOThresholdConfig)
    SPI_SendData8                            0x08001065   Thumb Code    10  stm32f0xx_spi.o(i.SPI_SendData8)
    SVC_Handler                              0x0800106f   Thumb Code     8  stm32f0xx_it.o(i.SVC_Handler)
    SysTick_Handler                          0x08001151   Thumb Code     8  stm32f0xx_it.o(i.SysTick_Handler)
    SystemInit                               0x08001159   Thumb Code   110  system_stm32f0xx.o(i.SystemInit)
    TIM2_IRQHandler                          0x080011d5   Thumb Code     2  stm32f0xx_it.o(i.TIM2_IRQHandler)
    USART1_IRQHandler                        0x080011d7   Thumb Code     2  stm32f0xx_it.o(i.USART1_IRQHandler)
    USART2_IRQHandler                        0x080011d9   Thumb Code     2  stm32f0xx_it.o(i.USART2_IRQHandler)
    Val_Check                                0x080011dd   Thumb Code   200  main.o(i.Val_Check)
    __ARM_clz                                0x080012c1   Thumb Code    46  depilogue.o(i.__ARM_clz)
    __ARM_common_switch8                     0x080012ef   Thumb Code    28  timers.o(i.__ARM_common_switch8)
    __scatterload_copy                       0x0800130b   Thumb Code    14  handlers.o(i.__scatterload_copy)
    __scatterload_null                       0x08001319   Thumb Code     2  handlers.o(i.__scatterload_null)
    __scatterload_zeroinit                   0x0800131b   Thumb Code    14  handlers.o(i.__scatterload_zeroinit)
    adcInit0                                 0x08001329   Thumb Code   154  drv_adc.o(i.adcInit0)
    adcInit1                                 0x080013cd   Thumb Code   154  drv_adc.o(i.adcInit1)
    adcInit2                                 0x08001471   Thumb Code   154  drv_adc.o(i.adcInit2)
    adcInit3                                 0x08001515   Thumb Code   154  drv_adc.o(i.adcInit3)
    adcInit4                                 0x080015b9   Thumb Code   154  drv_adc.o(i.adcInit4)
    adcInit5                                 0x0800165d   Thumb Code   154  drv_adc.o(i.adcInit5)
    adcInit6                                 0x08001701   Thumb Code   154  drv_adc.o(i.adcInit6)
    delay_Ms_Loop                            0x080017a5   Thumb Code    40  delay.o(i.delay_Ms_Loop)
    main                                     0x080017d1   Thumb Code   278  main.o(i.main)
    pvPortMalloc                             0x0800208d   Thumb Code   168  heap_2.o(i.pvPortMalloc)
    pvTaskIncrementMutexHeldCount            0x08002145   Thumb Code    28  tasks.o(i.pvTaskIncrementMutexHeldCount)
    pxPortInitialiseStack                    0x08002165   Thumb Code    26  port.o(i.pxPortInitialiseStack)
    uxListRemove                             0x08002185   Thumb Code    40  list.o(i.uxListRemove)
    vListInitialise                          0x080021ad   Thumb Code    26  list.o(i.vListInitialise)
    vListInitialiseItem                      0x080021c7   Thumb Code     6  list.o(i.vListInitialiseItem)
    vListInsert                              0x080021cd   Thumb Code    54  list.o(i.vListInsert)
    vListInsertEnd                           0x08002203   Thumb Code    24  list.o(i.vListInsertEnd)
    vPortEnterCritical                       0x0800221d   Thumb Code    22  port.o(i.vPortEnterCritical)
    vPortExitCritical                        0x08002239   Thumb Code    36  port.o(i.vPortExitCritical)
    vPortFree                                0x08002261   Thumb Code    58  heap_2.o(i.vPortFree)
    vPortSVCHandler                          0x080022a5   Thumb Code     2  port.o(i.vPortSVCHandler)
    vPortYield                               0x080022a9   Thumb Code    18  port.o(i.vPortYield)
    vQueueAddToRegistry                      0x080022c1   Thumb Code    40  queue.o(i.vQueueAddToRegistry)
    vQueueWaitForMessageRestricted           0x080022ed   Thumb Code    60  queue.o(i.vQueueWaitForMessageRestricted)
    vTaskDelay                               0x08002329   Thumb Code    76  tasks.o(i.vTaskDelay)
    vTaskMissedYield                         0x08002381   Thumb Code     8  tasks.o(i.vTaskMissedYield)
    vTaskPlaceOnEventList                    0x0800238d   Thumb Code    72  tasks.o(i.vTaskPlaceOnEventList)
    vTaskPlaceOnEventListRestricted          0x080023e1   Thumb Code    52  tasks.o(i.vTaskPlaceOnEventListRestricted)
    vTaskPriorityInherit                     0x0800241d   Thumb Code   128  tasks.o(i.vTaskPriorityInherit)
    vTaskSetTimeOutState                     0x080024a9   Thumb Code    24  tasks.o(i.vTaskSetTimeOutState)
    vTaskStartScheduler                      0x080024c9   Thumb Code    72  tasks.o(i.vTaskStartScheduler)
    vTaskSuspendAll                          0x08002525   Thumb Code    12  tasks.o(i.vTaskSuspendAll)
    vTaskSwitchContext                       0x08002535   Thumb Code   120  tasks.o(i.vTaskSwitchContext)
    xPortStartScheduler                      0x080025c1   Thumb Code    48  port.o(i.xPortStartScheduler)
    xPortSysTickHandler                      0x080025f9   Thumb Code    32  port.o(i.xPortSysTickHandler)
    xQueueGenericCreate                      0x0800261d   Thumb Code    92  queue.o(i.xQueueGenericCreate)
    xQueueGenericReceive                     0x08002679   Thumb Code   368  queue.o(i.xQueueGenericReceive)
    xQueueGenericReset                       0x080027e9   Thumb Code   126  queue.o(i.xQueueGenericReset)
    xQueueGenericSend                        0x08002867   Thumb Code   334  queue.o(i.xQueueGenericSend)
    xQueueGenericSendFromISR                 0x080029b5   Thumb Code   190  queue.o(i.xQueueGenericSendFromISR)
    xTaskCheckForTimeOut                     0x08002a75   Thumb Code   106  tasks.o(i.xTaskCheckForTimeOut)
    xTaskGenericCreate                       0x08002ae9   Thumb Code   288  tasks.o(i.xTaskGenericCreate)
    xTaskGetSchedulerState                   0x08002c21   Thumb Code    28  tasks.o(i.xTaskGetSchedulerState)
    xTaskGetTickCount                        0x08002c45   Thumb Code    18  tasks.o(i.xTaskGetTickCount)
    xTaskIncrementTick                       0x08002c5d   Thumb Code   274  tasks.o(i.xTaskIncrementTick)
    xTaskPriorityDisinherit                  0x08002d9d   Thumb Code   100  tasks.o(i.xTaskPriorityDisinherit)
    xTaskRemoveFromEventList                 0x08002e09   Thumb Code   112  tasks.o(i.xTaskRemoveFromEventList)
    xTaskResumeAll                           0x08002e91   Thumb Code   202  tasks.o(i.xTaskResumeAll)
    xTimerCreateTimerTask                    0x08002f7d   Thumb Code    58  timers.o(i.xTimerCreateTimerTask)
    xTimerGenericCommand                     0x08002fc9   Thumb Code   100  timers.o(i.xTimerGenericCommand)
    Region$$Table$$Base                      0x08003030   Number         0  anon$$obj.o(Region$$Table)
    Region$$Table$$Limit                     0x08003050   Number         0  anon$$obj.o(Region$$Table)
    ADCConvertedValue                        0x20000004   Data           2  drv_adc.o(.data)
    ADC1ConvertedValue                       0x20000006   Data           2  drv_adc.o(.data)
    ADC1ConvertedVoltage                     0x20000008   Data           2  drv_adc.o(.data)
    RegularConvData_Tab                      0x2000000a   Data           8  drv_adc.o(.data)
    ADC_Result                               0x20000012   Data           2  drv_adc.o(.data)
    pxCurrentTCB                             0x20000050   Data           4  tasks.o(.data)
    SystemCoreClock                          0x20000088   Data           4  system_stm32f0xx.o(.data)
    AHBPrescTable                            0x2000008c   Data          16  system_stm32f0xx.o(.data)
    NRF24L01_RXDATA                          0x200000a0   Data          32  nrf24l01.o(.bss)
    NRF24L01_TXDATA                          0x200000c0   Data          32  nrf24l01.o(.bss)
    xQueueRegistry                           0x20000f7c   Data          64  queue.o(.bss)
    __initial_sp                             0x200013c0   Data           0  startup_stm32f030.o(STACK)



==============================================================================

Memory Map of the image

  Image Entry point : 0x080000c1

  Load Region LR_IROM1 (Base: 0x08000000, Size: 0x000030f0, Max: 0x00010000, ABSOLUTE)

    Execution Region ER_IROM1 (Base: 0x08000000, Size: 0x00003050, Max: 0x00010000, ABSOLUTE)

    Base Addr    Size         Type   Attr      Idx    E Section Name        Object

    0x08000000   0x000000c0   Data   RO         4302    RESET               startup_stm32f030.o
    0x080000c0   0x00000000   Code   RO         4307  * .ARM.Collect$$$$00000000  mc_p.l(entry.o)
    0x080000c0   0x00000004   Code   RO         4330    .ARM.Collect$$$$00000001  mc_p.l(entry2.o)
    0x080000c4   0x00000004   Code   RO         4333    .ARM.Collect$$$$00000004  mc_p.l(entry5.o)
    0x080000c8   0x00000000   Code   RO         4335    .ARM.Collect$$$$00000008  mc_p.l(entry7b.o)
    0x080000c8   0x00000000   Code   RO         4337    .ARM.Collect$$$$0000000A  mc_p.l(entry8b.o)
    0x080000c8   0x00000008   Code   RO         4338    .ARM.Collect$$$$0000000B  mc_p.l(entry9a.o)
    0x080000d0   0x00000000   Code   RO         4340    .ARM.Collect$$$$0000000D  mc_p.l(entry10a.o)
    0x080000d0   0x00000000   Code   RO         4342    .ARM.Collect$$$$0000000F  mc_p.l(entry11a.o)
    0x080000d0   0x00000004   Code   RO         4331    .ARM.Collect$$$$00002712  mc_p.l(entry2.o)
    0x080000d4   0x00000070   Code   RO         4230    .emb_text           port.o
    0x08000144   0x0000001c   Code   RO         4303    .text               startup_stm32f030.o
    0x08000160   0x0000002c   Code   RO         4310    .text               mc_p.l(uidiv.o)
    0x0800018c   0x00000024   Code   RO         4312    .text               mc_p.l(memcpya.o)
    0x080001b0   0x00000024   Code   RO         4314    .text               mc_p.l(memseta.o)
    0x080001d4   0x000000d0   Code   RO         4318    .text               mf_p.l(dmul.o)
    0x080002a4   0x000000f0   Code   RO         4320    .text               mf_p.l(ddiv.o)
    0x08000394   0x0000001c   Code   RO         4322    .text               mf_p.l(dfltui.o)
    0x080003b0   0x00000028   Code   RO         4324    .text               mf_p.l(f2d.o)
    0x080003d8   0x00000028   Code   RO         4326    .text               mf_p.l(cdcmple.o)
    0x08000400   0x00000038   Code   RO         4328    .text               mf_p.l(d2f.o)
    0x08000438   0x00000000   Code   RO         4344    .text               mc_p.l(iusefp.o)
    0x08000438   0x00000082   Code   RO         4345    .text               mf_p.l(fepilogue.o)
    0x080004ba   0x000000be   Code   RO         4347    .text               mf_p.l(depilogue.o)
    0x08000578   0x00000024   Code   RO         4351    .text               mc_p.l(init.o)
    0x0800059c   0x00000020   Code   RO         4353    .text               mc_p.l(llshl.o)
    0x080005bc   0x00000022   Code   RO         4355    .text               mc_p.l(llushr.o)
    0x080005de   0x00000018   Code   RO         3947    i.ADC_ChannelConfig  stm32f0xx_adc.o
    0x080005f6   0x00000002   PAD
    0x080005f8   0x0000017c   Code   RO          420    i.ADC_Check         main.o
    0x08000774   0x00000018   Code   RO         3951    i.ADC_Cmd           stm32f0xx_adc.o
    0x0800078c   0x00000020   Code   RO         3955    i.ADC_DeInit        stm32f0xx_adc.o
    0x080007ac   0x0000003c   Code   RO         3957    i.ADC_GetCalibrationFactor  stm32f0xx_adc.o
    0x080007e8   0x00000008   Code   RO         3958    i.ADC_GetConversionValue  stm32f0xx_adc.o
    0x080007f0   0x00000030   Code   RO         3959    i.ADC_GetFlagStatus  stm32f0xx_adc.o
    0x08000820   0x0000002c   Code   RO         3962    i.ADC_Init          stm32f0xx_adc.o
    0x0800084c   0x0000000a   Code   RO         3965    i.ADC_StartOfConversion  stm32f0xx_adc.o
    0x08000856   0x00000010   Code   RO         3967    i.ADC_StructInit    stm32f0xx_adc.o
    0x08000866   0x00000002   Code   RO            3    i.CEC_CAN_IRQHandler  stm32f0xx_it.o
    0x08000868   0x00000090   Code   RO         3414    i.GPIO_Init         stm32f0xx_gpio.o
    0x080008f8   0x00000044   Code   RO         3415    i.GPIO_PinAFConfig  stm32f0xx_gpio.o
    0x0800093c   0x00000014   Code   RO         3418    i.GPIO_ReadInputDataBit  stm32f0xx_gpio.o
    0x08000950   0x00000004   Code   RO         3421    i.GPIO_ResetBits    stm32f0xx_gpio.o
    0x08000954   0x00000004   Code   RO         3422    i.GPIO_SetBits      stm32f0xx_gpio.o
    0x08000958   0x00000004   Code   RO            4    i.HardFault_Handler  stm32f0xx_it.o
    0x0800095c   0x0000005c   Code   RO          263    i.Key_INIT          led.o
    0x080009b8   0x00000040   Code   RO          265    i.LED_INIT          led.o
    0x080009f8   0x000000b8   Code   RO          423    i.My_System_Init    main.o
    0x08000ab0   0x00000002   Code   RO            5    i.NMI_Handler       stm32f0xx_it.o
    0x08000ab2   0x00000002   PAD
    0x08000ab4   0x0000007c   Code   RO          299    i.NRF24L01_INIT     nrf24l01.o
    0x08000b30   0x00000050   Code   RO          300    i.NRF_CHECK         nrf24l01.o
    0x08000b80   0x0000002c   Code   RO          301    i.NRF_GPIO_Interrupt_Init  nrf24l01.o
    0x08000bac   0x0000002c   Code   RO          302    i.NRF_IRQ           nrf24l01.o
    0x08000bd8   0x00000040   Code   RO          303    i.NRF_Read_Buf      nrf24l01.o
    0x08000c18   0x0000002e   Code   RO          304    i.NRF_Read_Reg      nrf24l01.o
    0x08000c46   0x00000002   PAD
    0x08000c48   0x00000034   Code   RO          424    i.NRF_Send          main.o
    0x08000c7c   0x0000002a   Code   RO          305    i.NRF_TxPacket      nrf24l01.o
    0x08000ca6   0x0000003e   Code   RO          306    i.NRF_Write_Buf     nrf24l01.o
    0x08000ce4   0x00000030   Code   RO          307    i.NRF_Write_Reg     nrf24l01.o
    0x08000d14   0x00000002   Code   RO          425    i.NVIC_Configuration  main.o
    0x08000d16   0x00000002   PAD
    0x08000d18   0x00000078   Code   RO          426    i.NVIC_SetPriority  main.o
    0x08000d90   0x00000008   Code   RO            6    i.PendSV_Handler    stm32f0xx_it.o
    0x08000d98   0x00000020   Code   RO         2750    i.RCC_AHBPeriphClockCmd  stm32f0xx_rcc.o
    0x08000db8   0x00000020   Code   RO         2752    i.RCC_APB1PeriphClockCmd  stm32f0xx_rcc.o
    0x08000dd8   0x00000020   Code   RO         2753    i.RCC_APB1PeriphResetCmd  stm32f0xx_rcc.o
    0x08000df8   0x00000020   Code   RO         2754    i.RCC_APB2PeriphClockCmd  stm32f0xx_rcc.o
    0x08000e18   0x00000020   Code   RO         2755    i.RCC_APB2PeriphResetCmd  stm32f0xx_rcc.o
    0x08000e38   0x00000114   Code   RO          394    i.SPI1_INIT         spi.o
    0x08000f4c   0x0000001c   Code   RO         2219    i.SPI_Cmd           stm32f0xx_spi.o
    0x08000f68   0x0000003c   Code   RO         2227    i.SPI_I2S_DeInit    stm32f0xx_spi.o
    0x08000fa4   0x00000014   Code   RO         2228    i.SPI_I2S_GetFlagStatus  stm32f0xx_spi.o
    0x08000fb8   0x00000058   Code   RO         2233    i.SPI_Init          stm32f0xx_spi.o
    0x08001010   0x00000034   Code   RO          395    i.SPI_RW            spi.o
    0x08001044   0x0000000c   Code   RO         2237    i.SPI_ReceiveData8  stm32f0xx_spi.o
    0x08001050   0x00000014   Code   RO         2238    i.SPI_RxFIFOThresholdConfig  stm32f0xx_spi.o
    0x08001064   0x0000000a   Code   RO         2240    i.SPI_SendData8     stm32f0xx_spi.o
    0x0800106e   0x00000008   Code   RO            7    i.SVC_Handler       stm32f0xx_it.o
    0x08001076   0x00000002   PAD
    0x08001078   0x000000d8   Code   RO         4139    i.SetSysClock       system_stm32f0xx.o
    0x08001150   0x00000008   Code   RO            8    i.SysTick_Handler   stm32f0xx_it.o
    0x08001158   0x0000007c   Code   RO         4141    i.SystemInit        system_stm32f0xx.o
    0x080011d4   0x00000002   Code   RO            9    i.TIM2_IRQHandler   stm32f0xx_it.o
    0x080011d6   0x00000002   Code   RO           10    i.USART1_IRQHandler  stm32f0xx_it.o
    0x080011d8   0x00000002   Code   RO           11    i.USART2_IRQHandler  stm32f0xx_it.o
    0x080011da   0x00000002   PAD
    0x080011dc   0x000000e4   Code   RO          428    i.Val_Check         main.o
    0x080012c0   0x0000002e   Code   RO         4349    i.__ARM_clz         mf_p.l(depilogue.o)
    0x080012ee   0x0000001c   Code   RO          654    i.__ARM_common_switch8  timers.o
    0x0800130a   0x0000000e   Code   RO         4359    i.__scatterload_copy  mc_p.l(handlers.o)
    0x08001318   0x00000002   Code   RO         4360    i.__scatterload_null  mc_p.l(handlers.o)
    0x0800131a   0x0000000e   Code   RO         4361    i.__scatterload_zeroinit  mc_p.l(handlers.o)
    0x08001328   0x000000a4   Code   RO          195    i.adcInit0          drv_adc.o
    0x080013cc   0x000000a4   Code   RO          196    i.adcInit1          drv_adc.o
    0x08001470   0x000000a4   Code   RO          197    i.adcInit2          drv_adc.o
    0x08001514   0x000000a4   Code   RO          198    i.adcInit3          drv_adc.o
    0x080015b8   0x000000a4   Code   RO          199    i.adcInit4          drv_adc.o
    0x0800165c   0x000000a4   Code   RO          200    i.adcInit5          drv_adc.o
    0x08001700   0x000000a4   Code   RO          201    i.adcInit6          drv_adc.o
    0x080017a4   0x0000002c   Code   RO          171    i.delay_Ms_Loop     delay.o
    0x080017d0   0x00000164   Code   RO          429    i.main              main.o
    0x08001934   0x00000054   Code   RO          665    i.prvAddCurrentTaskToDelayedList  tasks.o
    0x08001988   0x00000040   Code   RO          666    i.prvAllocateTCBAndStack  tasks.o
    0x080019c8   0x00000078   Code   RO          568    i.prvCheckForValidListAndQueue  timers.o
    0x08001a40   0x00000068   Code   RO          667    i.prvCheckTasksWaitingTermination  tasks.o
    0x08001aa8   0x0000002c   Code   RO          959    i.prvCopyDataFromQueue  queue.o
    0x08001ad4   0x00000084   Code   RO          960    i.prvCopyDataToQueue  queue.o
    0x08001b58   0x00000012   Code   RO          668    i.prvDeleteTCB      tasks.o
    0x08001b6a   0x00000002   PAD
    0x08001b6c   0x0000002c   Code   RO          569    i.prvGetNextExpireTime  timers.o
    0x08001b98   0x00000038   Code   RO          520    i.prvHeapInit       heap_2.o
    0x08001bd0   0x00000018   Code   RO          669    i.prvIdleTask       tasks.o
    0x08001be8   0x00000052   Code   RO          670    i.prvInitialiseTCBVariables  tasks.o
    0x08001c3a   0x00000002   PAD
    0x08001c3c   0x00000064   Code   RO          671    i.prvInitialiseTaskLists  tasks.o
    0x08001ca0   0x00000054   Code   RO          570    i.prvInsertTimerInActiveList  timers.o
    0x08001cf4   0x0000001c   Code   RO          961    i.prvIsQueueEmpty   queue.o
    0x08001d10   0x0000001e   Code   RO          962    i.prvIsQueueFull    queue.o
    0x08001d2e   0x00000002   PAD
    0x08001d30   0x00000058   Code   RO          571    i.prvProcessExpiredTimer  timers.o
    0x08001d88   0x000000e4   Code   RO          572    i.prvProcessReceivedCommands  timers.o
    0x08001e6c   0x00000050   Code   RO          573    i.prvProcessTimerOrBlockTask  timers.o
    0x08001ebc   0x00000038   Code   RO          673    i.prvResetNextTaskUnblockTime  tasks.o
    0x08001ef4   0x0000002c   Code   RO          574    i.prvSampleTimeNow  timers.o
    0x08001f20   0x00000014   Code   RO         4231    i.prvSetupTimerInterrupt  port.o
    0x08001f34   0x00000090   Code   RO          575    i.prvSwitchTimerLists  timers.o
    0x08001fc4   0x00000024   Code   RO         4232    i.prvTaskExitError  port.o
    0x08001fe8   0x0000001a   Code   RO          576    i.prvTimerTask      timers.o
    0x08002002   0x0000008a   Code   RO          963    i.prvUnlockQueue    queue.o
    0x0800208c   0x000000b8   Code   RO          521    i.pvPortMalloc      heap_2.o
    0x08002144   0x00000020   Code   RO          676    i.pvTaskIncrementMutexHeldCount  tasks.o
    0x08002164   0x00000020   Code   RO         4233    i.pxPortInitialiseStack  port.o
    0x08002184   0x00000028   Code   RO         1134    i.uxListRemove      list.o
    0x080021ac   0x0000001a   Code   RO         1135    i.vListInitialise   list.o
    0x080021c6   0x00000006   Code   RO         1136    i.vListInitialiseItem  list.o
    0x080021cc   0x00000036   Code   RO         1137    i.vListInsert       list.o
    0x08002202   0x00000018   Code   RO         1138    i.vListInsertEnd    list.o
    0x0800221a   0x00000002   PAD
    0x0800221c   0x0000001c   Code   RO         4235    i.vPortEnterCritical  port.o
    0x08002238   0x00000028   Code   RO         4236    i.vPortExitCritical  port.o
    0x08002260   0x00000044   Code   RO          522    i.vPortFree         heap_2.o
    0x080022a4   0x00000002   Code   RO         4237    i.vPortSVCHandler   port.o
    0x080022a6   0x00000002   PAD
    0x080022a8   0x00000018   Code   RO         4238    i.vPortYield        port.o
    0x080022c0   0x0000002c   Code   RO          969    i.vQueueAddToRegistry  queue.o
    0x080022ec   0x0000003c   Code   RO          973    i.vQueueWaitForMessageRestricted  queue.o
    0x08002328   0x00000058   Code   RO          682    i.vTaskDelay        tasks.o
    0x08002380   0x0000000c   Code   RO          686    i.vTaskMissedYield  tasks.o
    0x0800238c   0x00000054   Code   RO          687    i.vTaskPlaceOnEventList  tasks.o
    0x080023e0   0x0000003c   Code   RO          688    i.vTaskPlaceOnEventListRestricted  tasks.o
    0x0800241c   0x0000008c   Code   RO          690    i.vTaskPriorityInherit  tasks.o
    0x080024a8   0x00000020   Code   RO          694    i.vTaskSetTimeOutState  tasks.o
    0x080024c8   0x0000005c   Code   RO          695    i.vTaskStartScheduler  tasks.o
    0x08002524   0x00000010   Code   RO          697    i.vTaskSuspendAll   tasks.o
    0x08002534   0x0000008c   Code   RO          698    i.vTaskSwitchContext  tasks.o
    0x080025c0   0x00000038   Code   RO         4239    i.xPortStartScheduler  port.o
    0x080025f8   0x00000024   Code   RO         4240    i.xPortSysTickHandler  port.o
    0x0800261c   0x0000005c   Code   RO          976    i.xQueueGenericCreate  queue.o
    0x08002678   0x00000170   Code   RO          977    i.xQueueGenericReceive  queue.o
    0x080027e8   0x0000007e   Code   RO          978    i.xQueueGenericReset  queue.o
    0x08002866   0x0000014e   Code   RO          979    i.xQueueGenericSend  queue.o
    0x080029b4   0x000000be   Code   RO          980    i.xQueueGenericSendFromISR  queue.o
    0x08002a72   0x00000002   PAD
    0x08002a74   0x00000074   Code   RO          699    i.xTaskCheckForTimeOut  tasks.o
    0x08002ae8   0x00000138   Code   RO          700    i.xTaskGenericCreate  tasks.o
    0x08002c20   0x00000024   Code   RO          702    i.xTaskGetSchedulerState  tasks.o
    0x08002c44   0x00000018   Code   RO          703    i.xTaskGetTickCount  tasks.o
    0x08002c5c   0x00000140   Code   RO          705    i.xTaskIncrementTick  tasks.o
    0x08002d9c   0x0000006c   Code   RO          706    i.xTaskPriorityDisinherit  tasks.o
    0x08002e08   0x00000088   Code   RO          707    i.xTaskRemoveFromEventList  tasks.o
    0x08002e90   0x000000ec   Code   RO          709    i.xTaskResumeAll    tasks.o
    0x08002f7c   0x0000004c   Code   RO          579    i.xTimerCreateTimerTask  timers.o
    0x08002fc8   0x00000068   Code   RO          580    i.xTimerGenericCommand  timers.o
    0x08003030   0x00000020   Data   RO         4357    Region$$Table       anon$$obj.o


    Execution Region RW_IRAM1 (Base: 0x20000000, Size: 0x000013c0, Max: 0x00002000, ABSOLUTE)

    Base Addr    Size         Type   Attr      Idx    E Section Name        Object

    0x20000000   0x00000004   Data   RW          172    .data               delay.o
    0x20000004   0x00000010   Data   RW          202    .data               drv_adc.o
    0x20000014   0x0000000a   Data   RW          311    .data               nrf24l01.o
    0x2000001e   0x00000002   PAD
    0x20000020   0x00000008   Data   RW          430    .data               main.o
    0x20000028   0x00000018   Data   RW          526    .data               heap_2.o
    0x20000040   0x00000010   Data   RW          583    .data               timers.o
    0x20000050   0x00000038   Data   RW          712    .data               tasks.o
    0x20000088   0x00000014   Data   RW         4142    .data               system_stm32f0xx.o
    0x2000009c   0x00000004   Data   RW         4241    .data               port.o
    0x200000a0   0x00000040   Zero   RW          310    .bss                nrf24l01.o
    0x200000e0   0x00000d48   Zero   RW          525    .bss                heap_2.o
    0x20000e28   0x00000028   Zero   RW          582    .bss                timers.o
    0x20000e50   0x0000012c   Zero   RW          711    .bss                tasks.o
    0x20000f7c   0x00000040   Zero   RW          987    .bss                queue.o
    0x20000fbc   0x00000004   PAD
    0x20000fc0   0x00000400   Zero   RW         4300    STACK               startup_stm32f030.o


==============================================================================

Image component sizes


      Code (inc. data)   RO Data    RW Data    ZI Data      Debug   Object Name

        44          4          0          4          0        440   delay.o
      1148         70          0         16          0       9088   drv_adc.o
       308         40          0         24       3400       5151   heap_2.o
       156         14          0          0          0        918   led.o
       150          0          0          0          0       3198   list.o
      1322        156          0          8          0       9420   main.o
       554         24          0         10         64       5399   nrf24l01.o
       386         56          0          4          0       6640   port.o
      1586          4          0          0         64      11877   queue.o
       328         14          0          0          0       1101   spi.o
        28          8        192          0       1024        576   startup_stm32f030.o
       266          8          0          0          0      14083   stm32f0xx_adc.o
       240          0          0          0          0       8067   stm32f0xx_gpio.o
        38          0          0          0          0     176170   stm32f0xx_it.o
       160         20          0          0          0       2944   stm32f0xx_rcc.o
       238         28          0          0          0      13601   stm32f0xx_spi.o
       340         24          0         20          0       1837   system_stm32f0xx.o
      2516        346          0         56        300      20260   tasks.o
      1066        106          0         16         40      14555   timers.o

    ----------------------------------------------------------------------
     10898        922        224        160       4896     305325   Object Totals
         0          0         32          0          0          0   (incl. Generated)
        24          0          0          2          4          0   (incl. Padding)

    ----------------------------------------------------------------------

      Code (inc. data)   RO Data    RW Data    ZI Data      Debug   Library Member Name

         0          0          0          0          0          0   entry.o
         0          0          0          0          0          0   entry10a.o
         0          0          0          0          0          0   entry11a.o
         8          4          0          0          0          0   entry2.o
         4          0          0          0          0          0   entry5.o
         0          0          0          0          0          0   entry7b.o
         0          0          0          0          0          0   entry8b.o
         8          4          0          0          0          0   entry9a.o
        30          0          0          0          0          0   handlers.o
        36          8          0          0          0         68   init.o
         0          0          0          0          0          0   iusefp.o
        32          0          0          0          0         68   llshl.o
        34          0          0          0          0         68   llushr.o
        36          0          0          0          0         60   memcpya.o
        36          0          0          0          0        100   memseta.o
        44          0          0          0          0         72   uidiv.o
        40          2          0          0          0         68   cdcmple.o
        56          0          0          0          0         68   d2f.o
       240          6          0          0          0         84   ddiv.o
       236          0          0          0          0        216   depilogue.o
        28          4          0          0          0         68   dfltui.o
       208          6          0          0          0         88   dmul.o
        40          0          0          0          0         60   f2d.o
       130          0          0          0          0        144   fepilogue.o

    ----------------------------------------------------------------------
      1246         34          0          0          0       1232   Library Totals
         0          0          0          0          0          0   (incl. Padding)

    ----------------------------------------------------------------------

      Code (inc. data)   RO Data    RW Data    ZI Data      Debug   Library Name

       268         16          0          0          0        436   mc_p.l
       978         18          0          0          0        796   mf_p.l

    ----------------------------------------------------------------------
      1246         34          0          0          0       1232   Library Totals

    ----------------------------------------------------------------------

==============================================================================


      Code (inc. data)   RO Data    RW Data    ZI Data      Debug   

     12144        956        224        160       4896     300401   Grand Totals
     12144        956        224        160       4896     300401   ELF Image Totals
     12144        956        224        160          0          0   ROM Totals

==============================================================================

    Total RO  Size (Code + RO Data)                12368 (  12.08kB)
    Total RW  Size (RW Data + ZI Data)              5056 (   4.94kB)
    Total ROM Size (Code + RO Data + RW Data)      12528 (  12.23kB)

==============================================================================

