<html>
<body>
<pre>
<h1>µVision Build Log</h1>
<h2>Tool Versions:</h2>
IDE-Version: ¦ÌVision V5.18a
Copyright (C) 2016 ARM Ltd and ARM Germany GmbH. All rights reserved.
License Information: 1 Microsoft, Microsoft, LIC=0VRHL-0W7K8-VIU5N-YZPLI-ML32K-BZCBU
 
Tool Versions:
Toolchain:       MDK-ARM Professional  Version: 5.18a
Toolchain Path:  d:\Keil_v5\ARM\ARMCC\Bin
C Compiler:      Armcc.exe V5.06 update 1 (build 61)
Assembler:       Armasm.exe V5.06 update 1 (build 61)
Linker/Locator:  ArmLink.exe V5.06 update 1 (build 61)
Library Manager: ArmAr.exe V5.06 update 1 (build 61)
Hex Converter:   FromElf.exe V5.06 update 1 (build 61)
CPU DLL:         SARMCM3.DLL V5.18a
Dialog DLL:      DARMCM1.DLL V1.12.0.0
Target DLL:      Segger\JL2CM3.dll V2.99.19.0
Dialog DLL:      TARMCM1.DLL V1.9.0.0
 
<h2>Project:</h2>
F:\GitHubProject\stm32f030_freeRTOS\STM32F042-FreeRTOS.uvprojx
Project File Date:  12/18/2015

<h2>Output:</h2>
*** Using Compiler 'V5.06 update 1 (build 61)', folder: 'd:\Keil_v5\ARM\ARMCC\Bin'
Rebuild target 'BUTTERFLY_RemoteControl'
compiling stm32f0xx_it.c...
compiling delay.c...
compiling drv_adc.c...
compiling Led.c...
compiling NRF24L01.C...
compiling SPI.c...
compiling main.c...
compiling heap_2.c...
compiling timers.c...
compiling tasks.c...
compiling queue.c...
compiling list.c...
compiling croutine.c...
compiling stm32f0xx_syscfg.c...
compiling stm32f0xx_usart.c...
compiling stm32f0xx_tim.c...
compiling stm32f0xx_spi.c...
compiling stm32f0xx_rtc.c...
compiling stm32f0xx_rcc.c...
compiling stm32f0xx_pwr.c...
compiling stm32f0xx_iwdg.c...
compiling stm32f0xx_i2c.c...
compiling stm32f0xx_gpio.c...
compiling stm32f0xx_flash.c...
compiling stm32f0xx_exti.c...
compiling stm32f0xx_can.c...
compiling stm32f0xx_adc.c...
compiling system_stm32f0xx.c...
compiling stm32f0xx_misc.c...
compiling port.c...
assembling startup_stm32f030.s...
linking...
Program Size: Code=12144 RO-data=224 RW-data=160 ZI-data=4896  
FromELF: creating hex file...
".\Obj\STM32F042-SWITCHV10.axf" - 0 Error(s), 0 Warning(s).

<h2>Collection of Component include folders:</h2>
  F:\GitHubProject\stm32f030_freeRTOS\RTE
  d:\Keil_v5\ARM\PACK\Keil\STM32F0xx_DFP\1.5.0\Device\Include

<h2>Collection of Component Files used:</h2>
Build Time Elapsed:  00:00:49
</pre>
</body>
</html>
